Archive member included to satisfy reference by file (symbol)

C:/Users/admin/.pico-sdk/toolchain/14_2_Rel1/bin/../lib/gcc/arm-none-eabi/14.2.1/thumb/v8-m.main+fp/softfp\libm.a(libm_a-wf_sqrt.o)
                              CMakeFiles/Monitorek.dir/C_/Users/admin/.pico-sdk/sdk/2.1.1/src/rp2_common/pico_float/float_math.c.obj (sqrtf)
C:/Users/admin/.pico-sdk/toolchain/14_2_Rel1/bin/../lib/gcc/arm-none-eabi/14.2.1/thumb/v8-m.main+fp/softfp\libm.a(libm_a-ef_sqrt.o)
                              C:/Users/admin/.pico-sdk/toolchain/14_2_Rel1/bin/../lib/gcc/arm-none-eabi/14.2.1/thumb/v8-m.main+fp/softfp\libm.a(libm_a-wf_sqrt.o) (__ieee754_sqrtf)
C:/Users/admin/.pico-sdk/toolchain/14_2_Rel1/bin/../lib/gcc/arm-none-eabi/14.2.1/thumb/v8-m.main+fp/softfp\libgcc.a(_arm_addsubdf3.o)
                              CMakeFiles/Monitorek.dir/C_/Users/admin/.pico-sdk/sdk/2.1.1/src/rp2_common/pico_float/float_math.c.obj (__aeabi_f2d)
C:/Users/admin/.pico-sdk/toolchain/14_2_Rel1/bin/../lib/gcc/arm-none-eabi/14.2.1/thumb/v8-m.main+fp/softfp\libgcc.a(_aeabi_ldivmod.o)
                              CMakeFiles/Monitorek.dir/C_/Users/admin/.pico-sdk/sdk/2.1.1/src/common/pico_time/time.c.obj (__aeabi_ldivmod)
C:/Users/admin/.pico-sdk/toolchain/14_2_Rel1/bin/../lib/gcc/arm-none-eabi/14.2.1/thumb/v8-m.main+fp/softfp\libgcc.a(_aeabi_uldivmod.o)
                              CMakeFiles/Monitorek.dir/C_/Users/admin/.pico-sdk/sdk/2.1.1/src/rp2_common/hardware_clocks/clocks.c.obj (__aeabi_uldivmod)
C:/Users/admin/.pico-sdk/toolchain/14_2_Rel1/bin/../lib/gcc/arm-none-eabi/14.2.1/thumb/v8-m.main+fp/softfp\libgcc.a(_udivmoddi4.o)
                              C:/Users/admin/.pico-sdk/toolchain/14_2_Rel1/bin/../lib/gcc/arm-none-eabi/14.2.1/thumb/v8-m.main+fp/softfp\libgcc.a(_aeabi_ldivmod.o) (__udivmoddi4)
C:/Users/admin/.pico-sdk/toolchain/14_2_Rel1/bin/../lib/gcc/arm-none-eabi/14.2.1/thumb/v8-m.main+fp/softfp\libgcc.a(_dvmd_tls.o)
                              C:/Users/admin/.pico-sdk/toolchain/14_2_Rel1/bin/../lib/gcc/arm-none-eabi/14.2.1/thumb/v8-m.main+fp/softfp\libgcc.a(_aeabi_ldivmod.o) (__aeabi_ldiv0)
C:/Users/admin/.pico-sdk/toolchain/14_2_Rel1/bin/../lib/gcc/arm-none-eabi/14.2.1/thumb/v8-m.main+fp/softfp\libg.a(libc_a-calloc.o)
                              CMakeFiles/Monitorek.dir/C_/Users/admin/.pico-sdk/sdk/2.1.1/src/rp2_common/pico_malloc/malloc.c.obj (calloc)
C:/Users/admin/.pico-sdk/toolchain/14_2_Rel1/bin/../lib/gcc/arm-none-eabi/14.2.1/thumb/v8-m.main+fp/softfp\libg.a(libc_a-callocr.o)
                              C:/Users/admin/.pico-sdk/toolchain/14_2_Rel1/bin/../lib/gcc/arm-none-eabi/14.2.1/thumb/v8-m.main+fp/softfp\libg.a(libc_a-calloc.o) (_calloc_r)
C:/Users/admin/.pico-sdk/toolchain/14_2_Rel1/bin/../lib/gcc/arm-none-eabi/14.2.1/thumb/v8-m.main+fp/softfp\libg.a(libc_a-malloc.o)
                              CMakeFiles/Monitorek.dir/C_/Users/admin/.pico-sdk/sdk/2.1.1/src/rp2_common/pico_malloc/malloc.c.obj (malloc)
C:/Users/admin/.pico-sdk/toolchain/14_2_Rel1/bin/../lib/gcc/arm-none-eabi/14.2.1/thumb/v8-m.main+fp/softfp\libg.a(libc_a-mallocr.o)
                              C:/Users/admin/.pico-sdk/toolchain/14_2_Rel1/bin/../lib/gcc/arm-none-eabi/14.2.1/thumb/v8-m.main+fp/softfp\libg.a(libc_a-callocr.o) (_malloc_r)
C:/Users/admin/.pico-sdk/toolchain/14_2_Rel1/bin/../lib/gcc/arm-none-eabi/14.2.1/thumb/v8-m.main+fp/softfp\libg.a(libc_a-mlock.o)
                              C:/Users/admin/.pico-sdk/toolchain/14_2_Rel1/bin/../lib/gcc/arm-none-eabi/14.2.1/thumb/v8-m.main+fp/softfp\libg.a(libc_a-mallocr.o) (__malloc_lock)
C:/Users/admin/.pico-sdk/toolchain/14_2_Rel1/bin/../lib/gcc/arm-none-eabi/14.2.1/thumb/v8-m.main+fp/softfp\libg.a(libc_a-realloc.o)
                              CMakeFiles/Monitorek.dir/C_/Users/admin/.pico-sdk/sdk/2.1.1/src/rp2_common/pico_malloc/malloc.c.obj (realloc)
C:/Users/admin/.pico-sdk/toolchain/14_2_Rel1/bin/../lib/gcc/arm-none-eabi/14.2.1/thumb/v8-m.main+fp/softfp\libg.a(libc_a-reallocr.o)
                              C:/Users/admin/.pico-sdk/toolchain/14_2_Rel1/bin/../lib/gcc/arm-none-eabi/14.2.1/thumb/v8-m.main+fp/softfp\libg.a(libc_a-realloc.o) (_realloc_r)
C:/Users/admin/.pico-sdk/toolchain/14_2_Rel1/bin/../lib/gcc/arm-none-eabi/14.2.1/thumb/v8-m.main+fp/softfp\libg.a(libc_a-ctype_.o)
                              CMakeFiles/Monitorek.dir/Monitorek.c.obj (_ctype_)
C:/Users/admin/.pico-sdk/toolchain/14_2_Rel1/bin/../lib/gcc/arm-none-eabi/14.2.1/thumb/v8-m.main+fp/softfp\libg.a(libc_a-memcmp.o)
                              CMakeFiles/Monitorek.dir/C_/Users/admin/.pico-sdk/sdk/2.1.1/src/rp2_common/pico_atomic/atomic.c.obj (memcmp)
C:/Users/admin/.pico-sdk/toolchain/14_2_Rel1/bin/../lib/gcc/arm-none-eabi/14.2.1/thumb/v8-m.main+fp/softfp\libg.a(libc_a-memmove.o)
                              C:/Users/admin/.pico-sdk/toolchain/14_2_Rel1/bin/../lib/gcc/arm-none-eabi/14.2.1/thumb/v8-m.main+fp/softfp\libg.a(libc_a-reallocr.o) (memmove)
[...]
Memory Configuration

Name             Origin             Length             Attributes
FLASH            0x10000000         0x00400000         xr
RAM              0x20000000         0x00080000         xrw
SCRATCH_X        0x20080000         0x00001000         xrw
SCRATCH_Y        0x20081000         0x00001000         xrw
*default*        0x00000000         0xffffffff

Linker script and memory map

LOAD C:/Users/admin/.pico-sdk/toolchain/14_2_Rel1/bin/../lib/gcc/arm-none-eabi/14.2.1/thumb/v8-m.main+fp/softfp/crti.o
LOAD C:/Users/admin/.pico-sdk/toolchain/14_2_Rel1/bin/../lib/gcc/arm-none-eabi/14.2.1/thumb/v8-m.main+fp/softfp/crtbegin.o
LOAD C:/Users/admin/.pico-sdk/toolchain/14_2_Rel1/bin/../lib/gcc/arm-none-eabi/14.2.1/thumb/v8-m.main+fp/softfp/crt0.o

.flash_begin    0x10000000        0x0
                0x10000000                        __flash_binary_start = .

.text           0x10000000     0x4ff0
                0x10000000                        __logical_binary_start = .
 *(.vectors)
 .vectors       0x10000000      0x124 CMakeFiles/Monitorek.dir/C_/Users/admin/.pico-sdk/sdk/2.1.1/src/rp2_common/pico_crt0/crt0.S.obj
                0x10000000                __VECTOR_TABLE
                0x10000000                __vectors
                0x10000110                __default_isrs_start
                0x10000110                isr_invalid
                0x10000112                isr_nmi
                0x10000114                isr_hardfault
                0x10000116                isr_svcall
                0x10000118                isr_pendsv
                0x1000011a                isr_systick
                0x1000011c                isr_irq31
                0x1000011c                isr_irq5
                0x1000011c                isr_irq11
                0x1000011c                isr_irq32
                0x1000011c                isr_irq23
                0x1000011c                isr_irq48
                0x1000011c                isr_irq35
                0x1000011c                isr_irq18
                0x1000011c                isr_irq50
                0x1000011c                isr_irq27
                0x1000011c                isr_irq40
                0x1000011c                isr_irq28
                0x1000011c                isr_irq19
                0x1000011c                isr_irq36
                0x1000011c                isr_irq41
                0x1000011c                isr_irq0
                0x1000011c                isr_irq6
                0x1000011c                isr_irq45
                0x1000011c                isr_irq12
                0x1000011c                isr_irq37
                0x1000011c                isr_irq42
                0x1000011c                isr_irq22
                0x1000011c                isr_irq43
                0x1000011c                isr_irq17
                0x1000011c                isr_irq38
                0x1000011c                isr_irq14
                0x1000011c                isr_irq13
                0x1000011c                isr_irq2
                0x1000011c                isr_irq10
                0x1000011c                isr_irq8
                0x1000011c                isr_irq24
                0x1000011c                isr_irq46
                0x1000011c                isr_irq1
                0x1000011c                isr_irq47
                0x1000011c                isr_irq51
                0x1000011c                isr_irq7
                0x1000011c                isr_irq21
                0x1000011c                isr_irq39
                0x1000011c                isr_irq20
                0x1000011c                isr_irq15
                0x1000011c                isr_irq25
                0x1000011c                isr_irq34
                0x1000011c                isr_irq49
                0x1000011c                __unhandled_user_irq
                0x1000011c                isr_irq4
                0x1000011c                isr_irq16
                0x1000011c                isr_irq44
                0x1000011c                isr_irq29
                0x1000011c                isr_irq26
                0x1000011c                __default_isrs_end
                0x1000011c                isr_irq33
                0x1000011c                isr_irq3
                0x1000011c                isr_irq30
                0x1000011c                isr_irq9
                0x10000122                unhandled_user_irq_num_in_r0
 *(.binary_info_header)
 .binary_info_header
                0x10000124       0x14 CMakeFiles/Monitorek.dir/C_/Users/admin/.pico-sdk/sdk/2.1.1/src/rp2_common/pico_crt0/crt0.S.obj
                0x10000138                        __binary_info_header_end = .
 *(.embedded_block)
 .embedded_block
                0x10000138       0x14 CMakeFiles/Monitorek.dir/C_/Users/admin/.pico-sdk/sdk/2.1.1/src/rp2_common/pico_crt0/crt0.S.obj
                0x1000014c                        __embedded_block_end = .
 *(.reset)
 .reset         0x1000014c       0xa0 CMakeFiles/Monitorek.dir/C_/Users/admin/.pico-sdk/sdk/2.1.1/src/rp2_common/pico_crt0/crt0.S.obj
                0x1000014c                _entry_point
 *(.init)
 .init          0x100001ec        0x4 C:/Users/admin/.pico-sdk/toolchain/14_2_Rel1/bin/../lib/gcc/arm-none-eabi/14.2.1/thumb/v8-m.main+fp/softfp/crti.o
                0x100001ec                _init
 SORT_BY_NAME(REVERSE(*libgcc.a:cmse_nonsecure_call.o))()
 *(EXCLUDE_FILE(*libm.a: *libc.a:*lib_a-mem*.o *libgcc.a:) .text*)
 .text.register_tm_clones
                0x100001f0       0x28 C:/Users/admin/.pico-sdk/toolchain/14_2_Rel1/bin/../lib/gcc/arm-none-eabi/14.2.1/thumb/v8-m.main+fp/softfp/crtbegin.o
 .text.frame_dummy
                0x10000218       0x24 C:/Users/admin/.pico-sdk/toolchain/14_2_Rel1/bin/../lib/gcc/arm-none-eabi/14.2.1/thumb/v8-m.main+fp/softfp/crtbegin.o
 .text.render   0x1000023c       0x8c CMakeFiles/Monitorek.dir/Monitorek.c.obj
                0x1000023c                render
 .text.DisplayRecords
                0x100002c8      0x16c CMakeFiles/Monitorek.dir/Monitorek.c.obj
                0x100002c8                DisplayRecords
 .text.startup.main
                0x10000434       0xe0 CMakeFiles/Monitorek.dir/Monitorek.c.obj
                0x10000434                main
 .text.gpio_set_function
                0x10000514       0x3c CMakeFiles/Monitorek.dir/C_/Users/admin/.pico-sdk/sdk/2.1.1/src/rp2_common/hardware_gpio/gpio.c.obj
                0x10000514                gpio_set_function
 .text.gpio_set_pulls
                0x10000550       0x28 CMakeFiles/Monitorek.dir/C_/Users/admin/.pico-sdk/sdk/2.1.1/src/rp2_common/hardware_gpio/gpio.c.obj
                0x10000550                gpio_set_pulls
 .text.gpio_init
                0x10000578       0x48 CMakeFiles/Monitorek.dir/C_/Users/admin/.pico-sdk/sdk/2.1.1/src/rp2_common/hardware_gpio/gpio.c.obj
                0x10000578                gpio_init
 .text.panic    0x100005c0       0x30 CMakeFiles/Monitorek.dir/C_/Users/admin/.pico-sdk/sdk/2.1.1/src/rp2_common/pico_platform_panic/panic.c.obj
                0x100005c0                panic
 .text.hw_claim_or_assert
                0x100005f0       0x58 CMakeFiles/Monitorek.dir/C_/Users/admin/.pico-sdk/sdk/2.1.1/src/common/hardware_claim/claim.c.obj
                0x100005f0                hw_claim_or_assert
 .text.hw_claim_unused_from_range
                0x10000648       0x80 CMakeFiles/Monitorek.dir/C_/Users/admin/.pico-sdk/sdk/2.1.1/src/common/hardware_claim/claim.c.obj
                0x10000648                hw_claim_unused_from_range
 .text.next_striped_spin_lock_num
                0x100006c8       0x18 CMakeFiles/Monitorek.dir/C_/Users/admin/.pico-sdk/sdk/2.1.1/src/rp2_common/hardware_sync/sync.c.obj
                0x100006c8                next_striped_spin_lock_num
 .text.spin_lock_claim_unused
                0x100006e0       0x20 CMakeFiles/Monitorek.dir/C_/Users/admin/.pico-sdk/sdk/2.1.1/src/rp2_common/hardware_sync/sync.c.obj
                0x100006e0                spin_lock_claim_unused
 .text.spinlock_set_extexclall
                0x10000700       0x10 CMakeFiles/Monitorek.dir/C_/Users/admin/.pico-sdk/sdk/2.1.1/src/rp2_common/hardware_sync_spin_lock/sync_spin_lock.c.obj
 .text.spin_locks_reset
                0x10000710       0x18 CMakeFiles/Monitorek.dir/C_/Users/admin/.pico-sdk/sdk/2.1.1/src/rp2_common/hardware_sync_spin_lock/sync_spin_lock.c.obj
                0x10000710                spin_locks_reset
 .text.runtime_init_per_core_irq_priorities
                0x10000728       0x40 CMakeFiles/Monitorek.dir/C_/Users/admin/.pico-sdk/sdk/2.1.1/src/rp2_common/hardware_irq/irq.c.obj
                0x10000728                runtime_init_per_core_irq_priorities
 .text.irq_set_enabled
                0x10000768       0x2c CMakeFiles/Monitorek.dir/C_/Users/admin/.pico-sdk/sdk/2.1.1/src/rp2_common/hardware_irq/irq.c.obj
                0x10000768                irq_set_enabled
 .text.irq_is_enabled
                0x10000794       0x20 CMakeFiles/Monitorek.dir/C_/Users/admin/.pico-sdk/sdk/2.1.1/src/rp2_common/hardware_irq/irq.c.obj
                0x10000794                irq_is_enabled
 .text.irq_set_pending
                0x100007b4       0x18 CMakeFiles/Monitorek.dir/C_/Users/admin/.pico-sdk/sdk/2.1.1/src/rp2_common/hardware_irq/irq.c.obj
                0x100007b4                irq_set_pending
 .text.irq_has_shared_handler
                0x100007cc       0x20 CMakeFiles/Monitorek.dir/C_/Users/admin/.pico-sdk/sdk/2.1.1/src/rp2_common/hardware_irq/irq.c.obj
                0x100007cc                irq_has_shared_handler
 .text.irq_set_exclusive_handler
                0x100007ec       0x60 CMakeFiles/Monitorek.dir/C_/Users/admin/.pico-sdk/sdk/2.1.1/src/rp2_common/hardware_irq/irq.c.obj
                0x100007ec                irq_set_exclusive_handler
 .text.irq_add_shared_handler
                0x1000084c      0x1e8 CMakeFiles/Monitorek.dir/C_/Users/admin/.pico-sdk/sdk/2.1.1/src/rp2_common/hardware_irq/irq.c.obj
                0x1000084c                irq_add_shared_handler
 .text.irq_add_tail_to_free_list
                0x10000a34       0xbc CMakeFiles/Monitorek.dir/C_/Users/admin/.pico-sdk/sdk/2.1.1/src/rp2_common/hardware_irq/irq.c.obj
                0x10000a34                irq_add_tail_to_free_list
 .text.user_irq_claim_unused
                0x10000af0       0x28 CMakeFiles/Monitorek.dir/C_/Users/admin/.pico-sdk/sdk/2.1.1/src/rp2_common/hardware_irq/irq.c.obj
                0x10000af0                user_irq_claim_unused
 .text.lock_init
                0x10000b18        0xc CMakeFiles/Monitorek.dir/C_/Users/admin/.pico-sdk/sdk/2.1.1/src/common/pico_sync/lock_core.c.obj
                0x10000b18                lock_init
 .text.runtime_init_mutex
                0x10000b24       0x4c CMakeFiles/Monitorek.dir/C_/Users/admin/.pico-sdk/sdk/2.1.1/src/common/pico_sync/mutex.c.obj
                0x10000b24                runtime_init_mutex
 .text.mutex_init
                0x10000b70       0x1c CMakeFiles/Monitorek.dir/C_/Users/admin/.pico-sdk/sdk/2.1.1/src/common/pico_sync/mutex.c.obj
                0x10000b70                mutex_init
 .text.critical_section_init
                0x10000b8c       0x1c CMakeFiles/Monitorek.dir/C_/Users/admin/.pico-sdk/sdk/2.1.1/src/common/pico_sync/critical_section.c.obj
                0x10000b8c                critical_section_init
 .text.critical_section_init_with_lock_num
                0x10000ba8       0x10 CMakeFiles/Monitorek.dir/C_/Users/admin/.pico-sdk/sdk/2.1.1/src/common/pico_sync/critical_section.c.obj
                0x10000ba8                critical_section_init_with_lock_num
 .text.sleep_until_callback
                0x10000bb8       0x3c CMakeFiles/Monitorek.dir/C_/Users/admin/.pico-sdk/sdk/2.1.1/src/common/pico_time/time.c.obj
 *fill*         0x10000bf4        0x4 
 .text.alarm_pool_irq_handler
                0x10000bf8      0x2f0 CMakeFiles/Monitorek.dir/C_/Users/admin/.pico-sdk/sdk/2.1.1/src/common/pico_time/time.c.obj
 .text.runtime_init_default_alarm_pool
                0x10000ee8      0x100 CMakeFiles/Monitorek.dir/C_/Users/admin/.pico-sdk/sdk/2.1.1/src/common/pico_time/time.c.obj
                0x10000ee8                runtime_init_default_alarm_pool
 .text.alarm_pool_get_default
                0x10000fe8        0x8 CMakeFiles/Monitorek.dir/C_/Users/admin/.pico-sdk/sdk/2.1.1/src/common/pico_time/time.c.obj
                0x10000fe8                alarm_pool_get_default
 .text.alarm_pool_add_alarm_at
                0x10000ff0       0xdc CMakeFiles/Monitorek.dir/C_/Users/admin/.pico-sdk/sdk/2.1.1/src/common/pico_time/time.c.obj
                0x10000ff0                alarm_pool_add_alarm_at
 .text.alarm_pool_add_alarm_at_force_in_context
                0x100010cc       0xc8 CMakeFiles/Monitorek.dir/C_/Users/admin/.pico-sdk/sdk/2.1.1/src/common/pico_time/time.c.obj
                0x100010cc                alarm_pool_add_alarm_at_force_in_context
 .text.alarm_pool_cancel_alarm
                0x10001194       0x80 CMakeFiles/Monitorek.dir/C_/Users/admin/.pico-sdk/sdk/2.1.1/src/common/pico_time/time.c.obj
                0x10001194                alarm_pool_cancel_alarm
 .text.alarm_pool_core_num
                0x10001214        0x4 CMakeFiles/Monitorek.dir/C_/Users/admin/.pico-sdk/sdk/2.1.1/src/common/pico_time/time.c.obj
                0x10001214                alarm_pool_core_num
 .text.sleep_ms
                0x10001218       0xdc CMakeFiles/Monitorek.dir/C_/Users/admin/.pico-sdk/sdk/2.1.1/src/common/pico_time/time.c.obj
                0x10001218                sleep_ms
 .text.best_effort_wfe_or_timeout
                0x100012f4       0xd4 CMakeFiles/Monitorek.dir/C_/Users/admin/.pico-sdk/sdk/2.1.1/src/common/pico_time/time.c.obj
                0x100012f4                best_effort_wfe_or_timeout
 .text.timer_hardware_alarm_claim
                0x100013c8       0x24 CMakeFiles/Monitorek.dir/C_/Users/admin/.pico-sdk/sdk/2.1.1/src/rp2_common/hardware_timer/timer.c.obj
                0x100013c8                timer_hardware_alarm_claim
 .text.timer_time_us_64
                0x100013ec       0x10 CMakeFiles/Monitorek.dir/C_/Users/admin/.pico-sdk/sdk/2.1.1/src/rp2_common/hardware_timer/timer.c.obj
                0x100013ec                timer_time_us_64
 .text.time_us_64
                0x100013fc       0x14 CMakeFiles/Monitorek.dir/C_/Users/admin/.pico-sdk/sdk/2.1.1/src/rp2_common/hardware_timer/timer.c.obj
                0x100013fc                time_us_64
 .text.busy_wait_until
                0x10001410       0x24 CMakeFiles/Monitorek.dir/C_/Users/admin/.pico-sdk/sdk/2.1.1/src/rp2_common/hardware_timer/timer.c.obj
                0x10001410                busy_wait_until
 .text.clock_configure_undivided
                0x10001434       0xd0 CMakeFiles/Monitorek.dir/C_/Users/admin/.pico-sdk/sdk/2.1.1/src/rp2_common/hardware_clocks/clocks.c.obj
                0x10001434                clock_configure_undivided
 .text.clock_get_hz
                0x10001504        0xc CMakeFiles/Monitorek.dir/C_/Users/admin/.pico-sdk/sdk/2.1.1/src/rp2_common/hardware_clocks/clocks.c.obj
                0x10001504                clock_get_hz
 .text.pll_init
                0x10001510       0x8c CMakeFiles/Monitorek.dir/C_/Users/admin/.pico-sdk/sdk/2.1.1/src/rp2_common/hardware_pll/pll.c.obj
                0x10001510                pll_init
 .text.watchdog_reboot
                0x1000159c       0x98 CMakeFiles/Monitorek.dir/C_/Users/admin/.pico-sdk/sdk/2.1.1/src/rp2_common/hardware_watchdog/watchdog.c.obj
                0x1000159c                watchdog_reboot
 .text.tick_start
                0x10001634       0x18 CMakeFiles/Monitorek.dir/C_/Users/admin/.pico-sdk/sdk/2.1.1/src/rp2_common/hardware_ticks/ticks.c.obj
                0x10001634                tick_start
 .text.rom_reboot.constprop.0.isra.0
                0x1000164c       0x34 CMakeFiles/Monitorek.dir/C_/Users/admin/.pico-sdk/sdk/2.1.1/src/rp2_common/pico_bootrom/bootrom.c.obj
 .text.rom_func_lookup
                0x10001680       0x18 CMakeFiles/Monitorek.dir/C_/Users/admin/.pico-sdk/sdk/2.1.1/src/rp2_common/pico_bootrom/bootrom.c.obj
                0x10001680                rom_func_lookup
 .text.rom_reset_usb_boot_extra
                0x10001698       0x1c CMakeFiles/Monitorek.dir/C_/Users/admin/.pico-sdk/sdk/2.1.1/src/rp2_common/pico_bootrom/bootrom.c.obj
                0x10001698                rom_reset_usb_boot_extra
 .text.runtime_init_bootrom_locking_enable
                0x100016b4       0x14 CMakeFiles/Monitorek.dir/C_/Users/admin/.pico-sdk/sdk/2.1.1/src/rp2_common/pico_bootrom/bootrom_lock.c.obj
                0x100016b4                runtime_init_bootrom_locking_enable
 .text.runtime_init_boot_locks_reset
                0x100016c8       0x1c CMakeFiles/Monitorek.dir/C_/Users/admin/.pico-sdk/sdk/2.1.1/src/rp2_common/hardware_boot_lock/boot_lock.c.obj
                0x100016c8                runtime_init_boot_locks_reset
 .text.xosc_init
                0x100016e4       0x30 CMakeFiles/Monitorek.dir/C_/Users/admin/.pico-sdk/sdk/2.1.1/src/rp2_common/hardware_xosc/xosc.c.obj
                0x100016e4                xosc_init
 .text.first_per_core_initializer
                0x10001714        0x4 CMakeFiles/Monitorek.dir/C_/Users/admin/.pico-sdk/sdk/2.1.1/src/rp2_common/pico_runtime/runtime.c.obj
 .text.hard_assertion_failure
                0x10001718        0xc CMakeFiles/Monitorek.dir/C_/Users/admin/.pico-sdk/sdk/2.1.1/src/rp2_common/pico_runtime/runtime.c.obj
                0x10001718                hard_assertion_failure
 .text.runtime_run_initializers
                0x10001724       0x20 CMakeFiles/Monitorek.dir/C_/Users/admin/.pico-sdk/sdk/2.1.1/src/rp2_common/pico_runtime/runtime.c.obj
                0x10001724                runtime_run_initializers
 .text.runtime_init_early_resets
                0x10001744       0x34 CMakeFiles/Monitorek.dir/C_/Users/admin/.pico-sdk/sdk/2.1.1/src/rp2_common/pico_runtime_init/runtime_init.c.obj
                0x10001744                runtime_init_early_resets
 .text.runtime_init_usb_power_down
                0x10001778       0x1c CMakeFiles/Monitorek.dir/C_/Users/admin/.pico-sdk/sdk/2.1.1/src/rp2_common/pico_runtime_init/runtime_init.c.obj
                0x10001778                runtime_init_usb_power_down
 .text.runtime_init_per_core_enable_coprocessors
                0x10001794       0x1c CMakeFiles/Monitorek.dir/C_/Users/admin/.pico-sdk/sdk/2.1.1/src/rp2_common/pico_runtime_init/runtime_init.c.obj
                0x10001794                runtime_init_per_core_enable_coprocessors
 .text.runtime_init_post_clock_resets
                0x100017b0       0x20 CMakeFiles/Monitorek.dir/C_/Users/admin/.pico-sdk/sdk/2.1.1/src/rp2_common/pico_runtime_init/runtime_init.c.obj
                0x100017b0                runtime_init_post_clock_resets
 .text.runtime_init_bootrom_reset
                0x100017d0       0x14 CMakeFiles/Monitorek.dir/C_/Users/admin/.pico-sdk/sdk/2.1.1/src/rp2_common/pico_runtime_init/runtime_init.c.obj
                0x100017d0                runtime_init_bootrom_reset
 .text.runtime_init_per_core_bootrom_reset
                0x100017e4       0x14 CMakeFiles/Monitorek.dir/C_/Users/admin/.pico-sdk/sdk/2.1.1/src/rp2_common/pico_runtime_init/runtime_init.c.obj
                0x100017e4                runtime_init_per_core_bootrom_reset
 .text.runtime_init_spin_locks_reset
                0x100017f8        0x4 CMakeFiles/Monitorek.dir/C_/Users/admin/.pico-sdk/sdk/2.1.1/src/rp2_common/pico_runtime_init/runtime_init.c.obj
                0x100017f8                runtime_init_spin_locks_reset
 .text.runtime_init_install_ram_vector_table
                0x100017fc       0x20 CMakeFiles/Monitorek.dir/C_/Users/admin/.pico-sdk/sdk/2.1.1/src/rp2_common/pico_runtime_init/runtime_init.c.obj
                0x100017fc                runtime_init_install_ram_vector_table
 .text.runtime_init_clocks
                0x1000181c       0xdc CMakeFiles/Monitorek.dir/C_/Users/admin/.pico-sdk/sdk/2.1.1/src/rp2_common/pico_runtime_init/runtime_init_clocks.c.obj
                0x1000181c                runtime_init_clocks
 .text.__wrap_malloc
                0x100018f8       0x24 CMakeFiles/Monitorek.dir/C_/Users/admin/.pico-sdk/sdk/2.1.1/src/rp2_common/pico_malloc/malloc.c.obj
                0x100018f8                __wrap_malloc
 .text.__wrap_free
                0x1000191c        0x4 CMakeFiles/Monitorek.dir/C_/Users/admin/.pico-sdk/sdk/2.1.1/src/rp2_common/pico_malloc/malloc.c.obj
                0x1000191c                __wrap_free
 .text._out_char
                0x10001920        0x8 CMakeFiles/Monitorek.dir/C_/Users/admin/.pico-sdk/sdk/2.1.1/src/rp2_common/pico_printf/printf.c.obj
 .text.weak_raw_vprintf
                0x10001928       0x30 CMakeFiles/Monitorek.dir/C_/Users/admin/.pico-sdk/sdk/2.1.1/src/rp2_common/pico_printf/printf.c.obj
                0x10001928                weak_raw_vprintf
 .text._exit    0x10001958        0x4 CMakeFiles/Monitorek.dir/C_/Users/admin/.pico-sdk/sdk/2.1.1/src/rp2_common/pico_clib_interface/newlib_interface.c.obj
                0x10001958                _exit
 .text._sbrk    0x1000195c       0x2c CMakeFiles/Monitorek.dir/C_/Users/admin/.pico-sdk/sdk/2.1.1/src/rp2_common/pico_clib_interface/newlib_interface.c.obj
                0x1000195c                _sbrk
 .text.exit     0x10001988        0x8 CMakeFiles/Monitorek.dir/C_/Users/admin/.pico-sdk/sdk/2.1.1/src/rp2_common/pico_clib_interface/newlib_interface.c.obj
                0x10001988                exit
 .text.runtime_init
                0x10001990       0x24 CMakeFiles/Monitorek.dir/C_/Users/admin/.pico-sdk/sdk/2.1.1/src/rp2_common/pico_clib_interface/newlib_interface.c.obj
                0x10001990                runtime_init
 .text.stdio_out_chars_no_crlf
                0x100019b4        0x8 CMakeFiles/Monitorek.dir/C_/Users/admin/.pico-sdk/sdk/2.1.1/src/rp2_common/pico_stdio/stdio.c.obj
 .text.stdio_out_chars_crlf
                0x100019bc       0xb0 CMakeFiles/Monitorek.dir/C_/Users/admin/.pico-sdk/sdk/2.1.1/src/rp2_common/pico_stdio/stdio.c.obj
 .text.stdio_put_string
                0x10001a6c       0xec CMakeFiles/Monitorek.dir/C_/Users/admin/.pico-sdk/sdk/2.1.1/src/rp2_common/pico_stdio/stdio.c.obj
                0x10001a6c                stdio_put_string
 .text.stdio_set_driver_enabled
                0x10001b58       0x28 CMakeFiles/Monitorek.dir/C_/Users/admin/.pico-sdk/sdk/2.1.1/src/rp2_common/pico_stdio/stdio.c.obj
                0x10001b58                stdio_set_driver_enabled
 .text.stdio_init_all
                0x10001b80        0x4 CMakeFiles/Monitorek.dir/C_/Users/admin/.pico-sdk/sdk/2.1.1/src/rp2_common/pico_stdio/stdio.c.obj
                0x10001b80                stdio_init_all
 .text.__wrap_putchar
                0x10001b84       0x84 CMakeFiles/Monitorek.dir/C_/Users/admin/.pico-sdk/sdk/2.1.1/src/rp2_common/pico_stdio/stdio.c.obj
                0x10001b84                __wrap_putchar
                0x10001b84                stdio_putchar
 .text.__wrap_puts
                0x10001c08       0x3c CMakeFiles/Monitorek.dir/C_/Users/admin/.pico-sdk/sdk/2.1.1/src/rp2_common/pico_stdio/stdio.c.obj
                0x10001c08                stdio_puts
                0x10001c08                __wrap_puts
 .text.resetd_init
                0x10001c44        0x4 CMakeFiles/Monitorek.dir/C_/Users/admin/.pico-sdk/sdk/2.1.1/src/rp2_common/pico_stdio_usb/reset_interface.c.obj
 .text.resetd_reset
                0x10001c48        0xc CMakeFiles/Monitorek.dir/C_/Users/admin/.pico-sdk/sdk/2.1.1/src/rp2_common/pico_stdio_usb/reset_interface.c.obj
 .text.resetd_open
                0x10001c54       0x28 CMakeFiles/Monitorek.dir/C_/Users/admin/.pico-sdk/sdk/2.1.1/src/rp2_common/pico_stdio_usb/reset_interface.c.obj
 .text.resetd_xfer_cb
                0x10001c7c        0x4 CMakeFiles/Monitorek.dir/C_/Users/admin/.pico-sdk/sdk/2.1.1/src/rp2_common/pico_stdio_usb/reset_interface.c.obj
 .text.resetd_control_xfer_cb
                0x10001c80       0x50 CMakeFiles/Monitorek.dir/C_/Users/admin/.pico-sdk/sdk/2.1.1/src/rp2_common/pico_stdio_usb/reset_interface.c.obj
 .text.tud_descriptor_bos_cb
                0x10001cd0        0x8 CMakeFiles/Monitorek.dir/C_/Users/admin/.pico-sdk/sdk/2.1.1/src/rp2_common/pico_stdio_usb/reset_interface.c.obj
                0x10001cd0                tud_descriptor_bos_cb
 .text.tud_vendor_control_xfer_cb
                0x10001cd8       0x28 CMakeFiles/Monitorek.dir/C_/Users/admin/.pico-sdk/sdk/2.1.1/src/rp2_common/pico_stdio_usb/reset_interface.c.obj
                0x10001cd8                tud_vendor_control_xfer_cb
 .text.usbd_app_driver_get_cb
                0x10001d00       0x10 CMakeFiles/Monitorek.dir/C_/Users/admin/.pico-sdk/sdk/2.1.1/src/rp2_common/pico_stdio_usb/reset_interface.c.obj
                0x10001d00                usbd_app_driver_get_cb
 .text.tud_cdc_line_coding_cb
                0x10001d10       0x18 CMakeFiles/Monitorek.dir/C_/Users/admin/.pico-sdk/sdk/2.1.1/src/rp2_common/pico_stdio_usb/reset_interface.c.obj
                0x10001d10                tud_cdc_line_coding_cb
 .text.stdio_usb_set_chars_available_callback
                0x10001d28       0x14 CMakeFiles/Monitorek.dir/C_/Users/admin/.pico-sdk/sdk/2.1.1/src/rp2_common/pico_stdio_usb/stdio_usb.c.obj
                0x10001d28                stdio_usb_set_chars_available_callback
 .text.timer_task
                0x10001d3c       0x70 CMakeFiles/Monitorek.dir/C_/Users/admin/.pico-sdk/sdk/2.1.1/src/rp2_common/pico_stdio_usb/stdio_usb.c.obj
 .text.usb_irq  0x10001dac        0xc CMakeFiles/Monitorek.dir/C_/Users/admin/.pico-sdk/sdk/2.1.1/src/rp2_common/pico_stdio_usb/stdio_usb.c.obj
 .text.stdio_usb_in_chars
                0x10001db8       0x88 CMakeFiles/Monitorek.dir/C_/Users/admin/.pico-sdk/sdk/2.1.1/src/rp2_common/pico_stdio_usb/stdio_usb.c.obj
                0x10001db8                stdio_usb_in_chars
 .text.stdio_usb_out_flush
                0x10001e40       0x54 CMakeFiles/Monitorek.dir/C_/Users/admin/.pico-sdk/sdk/2.1.1/src/rp2_common/pico_stdio_usb/stdio_usb.c.obj
 .text.stdio_usb_out_chars
                0x10001e94       0xf4 CMakeFiles/Monitorek.dir/C_/Users/admin/.pico-sdk/sdk/2.1.1/src/rp2_common/pico_stdio_usb/stdio_usb.c.obj
 .text.low_priority_worker_irq
                0x10001f88       0xd8 CMakeFiles/Monitorek.dir/C_/Users/admin/.pico-sdk/sdk/2.1.1/src/rp2_common/pico_stdio_usb/stdio_usb.c.obj
 .text.stdio_usb_init
                0x10002060       0xe8 CMakeFiles/Monitorek.dir/C_/Users/admin/.pico-sdk/sdk/2.1.1/src/rp2_common/pico_stdio_usb/stdio_usb.c.obj
                0x10002060                stdio_usb_init
 .text.tud_descriptor_device_cb
                0x10002148        0x8 CMakeFiles/Monitorek.dir/C_/Users/admin/.pico-sdk/sdk/2.1.1/src/rp2_common/pico_stdio_usb/stdio_usb_descriptors.c.obj
                0x10002148                tud_descriptor_device_cb
 .text.tud_descriptor_configuration_cb
                0x10002150        0x8 CMakeFiles/Monitorek.dir/C_/Users/admin/.pico-sdk/sdk/2.1.1/src/rp2_common/pico_stdio_usb/stdio_usb_descriptors.c.obj
                0x10002150                tud_descriptor_configuration_cb
 .text.tud_descriptor_string_cb
                0x10002158       0x70 CMakeFiles/Monitorek.dir/C_/Users/admin/.pico-sdk/sdk/2.1.1/src/rp2_common/pico_stdio_usb/stdio_usb_descriptors.c.obj
                0x10002158                tud_descriptor_string_cb
 .text.startup._retrieve_unique_id_on_boot
                0x100021c8       0x30 CMakeFiles/Monitorek.dir/C_/Users/admin/.pico-sdk/sdk/2.1.1/src/rp2_common/pico_unique_id/unique_id.c.obj
 .text.pico_get_unique_board_id_string
                0x100021f8      0x184 CMakeFiles/Monitorek.dir/C_/Users/admin/.pico-sdk/sdk/2.1.1/src/rp2_common/pico_unique_id/unique_id.c.obj
                0x100021f8                pico_get_unique_board_id_string
 .text.dcd_init
                0x1000237c       0x8c CMakeFiles/Monitorek.dir/C_/Users/admin/.pico-sdk/sdk/2.1.1/lib/tinyusb/src/portable/raspberrypi/rp2040/dcd_rp2040.c.obj
                0x1000237c                dcd_init
 .text.dcd_int_enable
                0x10002408        0x8 CMakeFiles/Monitorek.dir/C_/Users/admin/.pico-sdk/sdk/2.1.1/lib/tinyusb/src/portable/raspberrypi/rp2040/dcd_rp2040.c.obj
                0x10002408                dcd_int_enable
 .text.dcd_set_address
                0x10002410       0x10 CMakeFiles/Monitorek.dir/C_/Users/admin/.pico-sdk/sdk/2.1.1/lib/tinyusb/src/portable/raspberrypi/rp2040/dcd_rp2040.c.obj
                0x10002410                dcd_set_address
 .text.dcd_sof_enable
                0x10002420       0x1c CMakeFiles/Monitorek.dir/C_/Users/admin/.pico-sdk/sdk/2.1.1/lib/tinyusb/src/portable/raspberrypi/rp2040/dcd_rp2040.c.obj
                0x10002420                dcd_sof_enable
 .text.dcd_edpt0_status_complete
                0x1000243c       0x1c CMakeFiles/Monitorek.dir/C_/Users/admin/.pico-sdk/sdk/2.1.1/lib/tinyusb/src/portable/raspberrypi/rp2040/dcd_rp2040.c.obj
                0x1000243c                dcd_edpt0_status_complete
 .text.dcd_edpt_open
                0x10002458      0x104 CMakeFiles/Monitorek.dir/C_/Users/admin/.pico-sdk/sdk/2.1.1/lib/tinyusb/src/portable/raspberrypi/rp2040/dcd_rp2040.c.obj
                0x10002458                dcd_edpt_open
 .text.dcd_edpt_close_all
                0x1000255c        0x4 CMakeFiles/Monitorek.dir/C_/Users/admin/.pico-sdk/sdk/2.1.1/lib/tinyusb/src/portable/raspberrypi/rp2040/dcd_rp2040.c.obj
                0x1000255c                dcd_edpt_close_all
 .text.dcd_edpt_xfer
                0x10002560       0x28 CMakeFiles/Monitorek.dir/C_/Users/admin/.pico-sdk/sdk/2.1.1/lib/tinyusb/src/portable/raspberrypi/rp2040/dcd_rp2040.c.obj
                0x10002560                dcd_edpt_xfer
 .text.dcd_edpt_stall
                0x10002588       0x30 CMakeFiles/Monitorek.dir/C_/Users/admin/.pico-sdk/sdk/2.1.1/lib/tinyusb/src/portable/raspberrypi/rp2040/dcd_rp2040.c.obj
                0x10002588                dcd_edpt_stall
 .text.dcd_edpt_clear_stall
                0x100025b8       0x24 CMakeFiles/Monitorek.dir/C_/Users/admin/.pico-sdk/sdk/2.1.1/lib/tinyusb/src/portable/raspberrypi/rp2040/dcd_rp2040.c.obj
                0x100025b8                dcd_edpt_clear_stall
 .text.rp2040_usb_init
                0x100025dc       0x40 CMakeFiles/Monitorek.dir/C_/Users/admin/.pico-sdk/sdk/2.1.1/lib/tinyusb/src/portable/raspberrypi/rp2040/rp2040_usb.c.obj
                0x100025dc                rp2040_usb_init
 .text.hw_endpoint_xfer_start
                0x1000261c       0x40 CMakeFiles/Monitorek.dir/C_/Users/admin/.pico-sdk/sdk/2.1.1/lib/tinyusb/src/portable/raspberrypi/rp2040/rp2040_usb.c.obj
                0x1000261c                hw_endpoint_xfer_start
 .text.configuration_reset
                0x1000265c       0x8c CMakeFiles/Monitorek.dir/C_/Users/admin/.pico-sdk/sdk/2.1.1/lib/tinyusb/src/device/usbd.c.obj
 .text.tud_event_hook_cb
                0x100026e8        0x4 CMakeFiles/Monitorek.dir/C_/Users/admin/.pico-sdk/sdk/2.1.1/lib/tinyusb/src/device/usbd.c.obj
                0x100026e8                tud_event_hook_cb
 .text.tud_sof_cb
                0x100026ec        0x4 CMakeFiles/Monitorek.dir/C_/Users/admin/.pico-sdk/sdk/2.1.1/lib/tinyusb/src/device/usbd.c.obj
                0x100026ec                tud_sof_cb
 .text.tud_descriptor_device_qualifier_cb
                0x100026f0        0x4 CMakeFiles/Monitorek.dir/C_/Users/admin/.pico-sdk/sdk/2.1.1/lib/tinyusb/src/device/usbd.c.obj
                0x100026f0                tud_descriptor_device_qualifier_cb
 .text.tud_descriptor_other_speed_configuration_cb
                0x100026f4        0x4 CMakeFiles/Monitorek.dir/C_/Users/admin/.pico-sdk/sdk/2.1.1/lib/tinyusb/src/device/usbd.c.obj
                0x100026f4                tud_descriptor_other_speed_configuration_cb
 .text.tud_mount_cb
                0x100026f8        0x4 CMakeFiles/Monitorek.dir/C_/Users/admin/.pico-sdk/sdk/2.1.1/lib/tinyusb/src/device/usbd.c.obj
                0x100026f8                tud_mount_cb
 .text.tud_umount_cb
                0x100026fc        0x4 CMakeFiles/Monitorek.dir/C_/Users/admin/.pico-sdk/sdk/2.1.1/lib/tinyusb/src/device/usbd.c.obj
                0x100026fc                tud_umount_cb
 .text.tud_suspend_cb
                0x10002700        0x4 CMakeFiles/Monitorek.dir/C_/Users/admin/.pico-sdk/sdk/2.1.1/lib/tinyusb/src/device/usbd.c.obj
                0x10002700                tud_suspend_cb
 .text.tud_resume_cb
                0x10002704        0x4 CMakeFiles/Monitorek.dir/C_/Users/admin/.pico-sdk/sdk/2.1.1/lib/tinyusb/src/device/usbd.c.obj
                0x10002704                tud_resume_cb
 .text.tud_mounted
                0x10002708       0x10 CMakeFiles/Monitorek.dir/C_/Users/admin/.pico-sdk/sdk/2.1.1/lib/tinyusb/src/device/usbd.c.obj
                0x10002708                tud_mounted
 .text.tud_suspended
                0x10002718       0x10 CMakeFiles/Monitorek.dir/C_/Users/admin/.pico-sdk/sdk/2.1.1/lib/tinyusb/src/device/usbd.c.obj
                0x10002718                tud_suspended
 .text.tud_rhport_init
                0x10002728       0xf4 CMakeFiles/Monitorek.dir/C_/Users/admin/.pico-sdk/sdk/2.1.1/lib/tinyusb/src/device/usbd.c.obj
                0x10002728                tud_rhport_init
 .text.tud_task_ext
                0x1000281c      0x784 CMakeFiles/Monitorek.dir/C_/Users/admin/.pico-sdk/sdk/2.1.1/lib/tinyusb/src/device/usbd.c.obj
                0x1000281c                tud_task_ext
 .text.usbd_open_edpt_pair
                0x10002fa0       0x9c CMakeFiles/Monitorek.dir/C_/Users/admin/.pico-sdk/sdk/2.1.1/lib/tinyusb/src/device/usbd.c.obj
                0x10002fa0                usbd_open_edpt_pair
 .text.usbd_edpt_open
                0x1000303c       0x44 CMakeFiles/Monitorek.dir/C_/Users/admin/.pico-sdk/sdk/2.1.1/lib/tinyusb/src/device/usbd.c.obj
                0x1000303c                usbd_edpt_open
 .text.usbd_edpt_claim
                0x10003080       0x24 CMakeFiles/Monitorek.dir/C_/Users/admin/.pico-sdk/sdk/2.1.1/lib/tinyusb/src/device/usbd.c.obj
                0x10003080                usbd_edpt_claim
 .text.usbd_edpt_release
                0x100030a4       0x24 CMakeFiles/Monitorek.dir/C_/Users/admin/.pico-sdk/sdk/2.1.1/lib/tinyusb/src/device/usbd.c.obj
                0x100030a4                usbd_edpt_release
 .text.usbd_edpt_xfer
                0x100030c8       0x70 CMakeFiles/Monitorek.dir/C_/Users/admin/.pico-sdk/sdk/2.1.1/lib/tinyusb/src/device/usbd.c.obj
                0x100030c8                usbd_edpt_xfer
 .text.tud_control_status
                0x10003138       0x34 CMakeFiles/Monitorek.dir/C_/Users/admin/.pico-sdk/sdk/2.1.1/lib/tinyusb/src/device/usbd_control.c.obj
                0x10003138                tud_control_status
 .text.tud_control_xfer
                0x1000316c       0xb0 CMakeFiles/Monitorek.dir/C_/Users/admin/.pico-sdk/sdk/2.1.1/lib/tinyusb/src/device/usbd_control.c.obj
                0x1000316c                tud_control_xfer
 .text.usbd_control_reset
                0x1000321c       0x14 CMakeFiles/Monitorek.dir/C_/Users/admin/.pico-sdk/sdk/2.1.1/lib/tinyusb/src/device/usbd_control.c.obj
                0x1000321c                usbd_control_reset
 .text.usbd_control_set_complete_callback
                0x10003230        0xc CMakeFiles/Monitorek.dir/C_/Users/admin/.pico-sdk/sdk/2.1.1/lib/tinyusb/src/device/usbd_control.c.obj
                0x10003230                usbd_control_set_complete_callback
 .text.usbd_control_set_request
                0x1000323c       0x1c CMakeFiles/Monitorek.dir/C_/Users/admin/.pico-sdk/sdk/2.1.1/lib/tinyusb/src/device/usbd_control.c.obj
                0x1000323c                usbd_control_set_request
 .text.usbd_control_xfer_cb
                0x10003258      0x100 CMakeFiles/Monitorek.dir/C_/Users/admin/.pico-sdk/sdk/2.1.1/lib/tinyusb/src/device/usbd_control.c.obj
                0x10003258                usbd_control_xfer_cb
 .text._prep_out_transaction.isra.0
                0x10003358       0x74 CMakeFiles/Monitorek.dir/C_/Users/admin/.pico-sdk/sdk/2.1.1/lib/tinyusb/src/class/cdc/cdc_device.c.obj
 .text.tud_cdc_n_connected
                0x100033cc       0x2c CMakeFiles/Monitorek.dir/C_/Users/admin/.pico-sdk/sdk/2.1.1/lib/tinyusb/src/class/cdc/cdc_device.c.obj
                0x100033cc                tud_cdc_n_connected
 .text.tud_cdc_n_available
                0x100033f8       0x14 CMakeFiles/Monitorek.dir/C_/Users/admin/.pico-sdk/sdk/2.1.1/lib/tinyusb/src/class/cdc/cdc_device.c.obj
                0x100033f8                tud_cdc_n_available
 .text.tud_cdc_n_read
                0x1000340c       0x90 CMakeFiles/Monitorek.dir/C_/Users/admin/.pico-sdk/sdk/2.1.1/lib/tinyusb/src/class/cdc/cdc_device.c.obj
                0x1000340c                tud_cdc_n_read
 .text.tud_cdc_n_write_flush
                0x1000349c       0x8c CMakeFiles/Monitorek.dir/C_/Users/admin/.pico-sdk/sdk/2.1.1/lib/tinyusb/src/class/cdc/cdc_device.c.obj
                0x1000349c                tud_cdc_n_write_flush
 .text.tud_cdc_n_write
                0x10003528       0x40 CMakeFiles/Monitorek.dir/C_/Users/admin/.pico-sdk/sdk/2.1.1/lib/tinyusb/src/class/cdc/cdc_device.c.obj
                0x10003528                tud_cdc_n_write
 .text.tud_cdc_n_write_available
                0x10003568       0x14 CMakeFiles/Monitorek.dir/C_/Users/admin/.pico-sdk/sdk/2.1.1/lib/tinyusb/src/class/cdc/cdc_device.c.obj
                0x10003568                tud_cdc_n_write_available
 .text.cdcd_init
                0x1000357c       0x70 CMakeFiles/Monitorek.dir/C_/Users/admin/.pico-sdk/sdk/2.1.1/lib/tinyusb/src/class/cdc/cdc_device.c.obj
                0x1000357c                cdcd_init
 .text.cdcd_deinit
                0x100035ec       0x30 CMakeFiles/Monitorek.dir/C_/Users/admin/.pico-sdk/sdk/2.1.1/lib/tinyusb/src/class/cdc/cdc_device.c.obj
                0x100035ec                cdcd_deinit
 .text.cdcd_reset
                0x1000361c       0x4c CMakeFiles/Monitorek.dir/C_/Users/admin/.pico-sdk/sdk/2.1.1/lib/tinyusb/src/class/cdc/cdc_device.c.obj
                0x1000361c                cdcd_reset
 .text.cdcd_open
                0x10003668       0xc0 CMakeFiles/Monitorek.dir/C_/Users/admin/.pico-sdk/sdk/2.1.1/lib/tinyusb/src/class/cdc/cdc_device.c.obj
                0x10003668                cdcd_open
 .text.cdcd_control_xfer_cb
                0x10003728       0xc0 CMakeFiles/Monitorek.dir/C_/Users/admin/.pico-sdk/sdk/2.1.1/lib/tinyusb/src/class/cdc/cdc_device.c.obj
                0x10003728                cdcd_control_xfer_cb
 .text.cdcd_xfer_cb
                0x100037e8       0xf8 CMakeFiles/Monitorek.dir/C_/Users/admin/.pico-sdk/sdk/2.1.1/lib/tinyusb/src/class/cdc/cdc_device.c.obj
                0x100037e8                cdcd_xfer_cb
 .text.vendord_init
                0x100038e0       0x5c CMakeFiles/Monitorek.dir/C_/Users/admin/.pico-sdk/sdk/2.1.1/lib/tinyusb/src/class/vendor/vendor_device.c.obj
                0x100038e0                vendord_init
 .text.vendord_deinit
                0x1000393c       0x1c CMakeFiles/Monitorek.dir/C_/Users/admin/.pico-sdk/sdk/2.1.1/lib/tinyusb/src/class/vendor/vendor_device.c.obj
                0x1000393c                vendord_deinit
 .text.vendord_reset
                0x10003958       0x24 CMakeFiles/Monitorek.dir/C_/Users/admin/.pico-sdk/sdk/2.1.1/lib/tinyusb/src/class/vendor/vendor_device.c.obj
                0x10003958                vendord_reset
 .text.vendord_open
                0x1000397c       0xf4 CMakeFiles/Monitorek.dir/C_/Users/admin/.pico-sdk/sdk/2.1.1/lib/tinyusb/src/class/vendor/vendor_device.c.obj
                0x1000397c                vendord_open
 .text.vendord_xfer_cb
                0x10003a70       0x88 CMakeFiles/Monitorek.dir/C_/Users/admin/.pico-sdk/sdk/2.1.1/lib/tinyusb/src/class/vendor/vendor_device.c.obj
                0x10003a70                vendord_xfer_cb
 .text.tusb_rhport_init
                0x10003af8       0x64 CMakeFiles/Monitorek.dir/C_/Users/admin/.pico-sdk/sdk/2.1.1/lib/tinyusb/src/tusb.c.obj
                0x10003af8                tusb_rhport_init
 .text.tu_edpt_claim
                0x10003b5c       0x54 CMakeFiles/Monitorek.dir/C_/Users/admin/.pico-sdk/sdk/2.1.1/lib/tinyusb/src/tusb.c.obj
                0x10003b5c                tu_edpt_claim
 .text.tu_edpt_release
                0x10003bb0       0x38 CMakeFiles/Monitorek.dir/C_/Users/admin/.pico-sdk/sdk/2.1.1/lib/tinyusb/src/tusb.c.obj
                0x10003bb0                tu_edpt_release
 .text.tu_edpt_validate
                0x10003be8       0x60 CMakeFiles/Monitorek.dir/C_/Users/admin/.pico-sdk/sdk/2.1.1/lib/tinyusb/src/tusb.c.obj
                0x10003be8                tu_edpt_validate
 .text.tu_edpt_bind_driver
                0x10003c48       0x58 CMakeFiles/Monitorek.dir/C_/Users/admin/.pico-sdk/sdk/2.1.1/lib/tinyusb/src/tusb.c.obj
                0x10003c48                tu_edpt_bind_driver
 .text.tu_edpt_stream_init
                0x10003ca0       0x58 CMakeFiles/Monitorek.dir/C_/Users/admin/.pico-sdk/sdk/2.1.1/lib/tinyusb/src/tusb.c.obj
                0x10003ca0                tu_edpt_stream_init
 .text.tu_edpt_stream_deinit
                0x10003cf8        0x4 CMakeFiles/Monitorek.dir/C_/Users/admin/.pico-sdk/sdk/2.1.1/lib/tinyusb/src/tusb.c.obj
                0x10003cf8                tu_edpt_stream_deinit
 .text.tu_edpt_stream_write_zlp_if_needed
                0x10003cfc       0x68 CMakeFiles/Monitorek.dir/C_/Users/admin/.pico-sdk/sdk/2.1.1/lib/tinyusb/src/tusb.c.obj
                0x10003cfc                tu_edpt_stream_write_zlp_if_needed
 .text.tu_edpt_stream_write_xfer
                0x10003d64       0x70 CMakeFiles/Monitorek.dir/C_/Users/admin/.pico-sdk/sdk/2.1.1/lib/tinyusb/src/tusb.c.obj
                0x10003d64                tu_edpt_stream_write_xfer
 .text.tu_edpt_stream_read_xfer
                0x10003dd4       0xc8 CMakeFiles/Monitorek.dir/C_/Users/admin/.pico-sdk/sdk/2.1.1/lib/tinyusb/src/tusb.c.obj
                0x10003dd4                tu_edpt_stream_read_xfer
 .text.tu_fifo_config
                0x10003e9c       0x60 CMakeFiles/Monitorek.dir/C_/Users/admin/.pico-sdk/sdk/2.1.1/lib/tinyusb/src/common/tusb_fifo.c.obj
                0x10003e9c                tu_fifo_config
 .text.tu_fifo_count
                0x10003efc       0x20 CMakeFiles/Monitorek.dir/C_/Users/admin/.pico-sdk/sdk/2.1.1/lib/tinyusb/src/common/tusb_fifo.c.obj
                0x10003efc                tu_fifo_count
 .text.tu_fifo_empty
                0x10003f1c       0x14 CMakeFiles/Monitorek.dir/C_/Users/admin/.pico-sdk/sdk/2.1.1/lib/tinyusb/src/common/tusb_fifo.c.obj
                0x10003f1c                tu_fifo_empty
 .text.tu_fifo_remaining
                0x10003f30       0x24 CMakeFiles/Monitorek.dir/C_/Users/admin/.pico-sdk/sdk/2.1.1/lib/tinyusb/src/common/tusb_fifo.c.obj
                0x10003f30                tu_fifo_remaining
 .text.tu_fifo_read
                0x10003f54       0x94 CMakeFiles/Monitorek.dir/C_/Users/admin/.pico-sdk/sdk/2.1.1/lib/tinyusb/src/common/tusb_fifo.c.obj
                0x10003f54                tu_fifo_read
 .text.tu_fifo_read_n
                0x10003fe8       0xd8 CMakeFiles/Monitorek.dir/C_/Users/admin/.pico-sdk/sdk/2.1.1/lib/tinyusb/src/common/tusb_fifo.c.obj
                0x10003fe8                tu_fifo_read_n
 .text.tu_fifo_write
                0x100040c0       0xa4 CMakeFiles/Monitorek.dir/C_/Users/admin/.pico-sdk/sdk/2.1.1/lib/tinyusb/src/common/tusb_fifo.c.obj
                0x100040c0                tu_fifo_write
 .text.tu_fifo_write_n
                0x10004164      0x15c CMakeFiles/Monitorek.dir/C_/Users/admin/.pico-sdk/sdk/2.1.1/lib/tinyusb/src/common/tusb_fifo.c.obj
                0x10004164                tu_fifo_write_n
 .text.tu_fifo_clear
                0x100042c0       0x38 CMakeFiles/Monitorek.dir/C_/Users/admin/.pico-sdk/sdk/2.1.1/lib/tinyusb/src/common/tusb_fifo.c.obj
                0x100042c0                tu_fifo_clear
 .text.tu_fifo_set_overwritable
                0x100042f8       0x3c CMakeFiles/Monitorek.dir/C_/Users/admin/.pico-sdk/sdk/2.1.1/lib/tinyusb/src/common/tusb_fifo.c.obj
                0x100042f8                tu_fifo_set_overwritable
 .text.i2c_write_blocking_internal.constprop.0
                0x10004334       0x9c CMakeFiles/Monitorek.dir/C_/Users/admin/.pico-sdk/sdk/2.1.1/src/rp2_common/hardware_i2c/i2c.c.obj
 .text.i2c_set_baudrate
                0x100043d0       0xa4 CMakeFiles/Monitorek.dir/C_/Users/admin/.pico-sdk/sdk/2.1.1/src/rp2_common/hardware_i2c/i2c.c.obj
                0x100043d0                i2c_set_baudrate
 .text.i2c_init
                0x10004474       0x4c CMakeFiles/Monitorek.dir/C_/Users/admin/.pico-sdk/sdk/2.1.1/src/rp2_common/hardware_i2c/i2c.c.obj
                0x10004474                i2c_init
 .text.i2c_write_blocking
                0x100044c0       0x10 CMakeFiles/Monitorek.dir/C_/Users/admin/.pico-sdk/sdk/2.1.1/src/rp2_common/hardware_i2c/i2c.c.obj
                0x100044c0                i2c_write_blocking
 .text.malloc   0x100044d0       0x10 C:/Users/admin/.pico-sdk/toolchain/14_2_Rel1/bin/../lib/gcc/arm-none-eabi/14.2.1/thumb/v8-m.main+fp/softfp\libg.a(libc_a-malloc.o)
                0x100044d0                malloc
 .text.free     0x100044e0       0x10 C:/Users/admin/.pico-sdk/toolchain/14_2_Rel1/bin/../lib/gcc/arm-none-eabi/14.2.1/thumb/v8-m.main+fp/softfp\libg.a(libc_a-malloc.o)
                0x100044e0                free
 .text._malloc_r
                0x100044f0      0x578 C:/Users/admin/.pico-sdk/toolchain/14_2_Rel1/bin/../lib/gcc/arm-none-eabi/14.2.1/thumb/v8-m.main+fp/softfp\libg.a(libc_a-mallocr.o)
                0x100044f0                _malloc_r
 .text.__malloc_lock
                0x10004a68        0xc C:/Users/admin/.pico-sdk/toolchain/14_2_Rel1/bin/../lib/gcc/arm-none-eabi/14.2.1/thumb/v8-m.main+fp/softfp\libg.a(libc_a-mlock.o)
                0x10004a68                __malloc_lock
 .text.__malloc_unlock
                0x10004a74        0xc C:/Users/admin/.pico-sdk/toolchain/14_2_Rel1/bin/../lib/gcc/arm-none-eabi/14.2.1/thumb/v8-m.main+fp/softfp\libg.a(libc_a-mlock.o)
                0x10004a74                __malloc_unlock
 .text.memset   0x10004a80       0x9c C:/Users/admin/.pico-sdk/toolchain/14_2_Rel1/bin/../lib/gcc/arm-none-eabi/14.2.1/thumb/v8-m.main+fp/softfp\libg.a(libc_a-memset.o)
                0x10004a80                memset
 .text._sbrk_r  0x10004b1c       0x24 C:/Users/admin/.pico-sdk/toolchain/14_2_Rel1/bin/../lib/gcc/arm-none-eabi/14.2.1/thumb/v8-m.main+fp/softfp\libg.a(libc_a-sbrkr.o)
                0x10004b1c                _sbrk_r
 .text.__errno  0x10004b40        0xc C:/Users/admin/.pico-sdk/toolchain/14_2_Rel1/bin/../lib/gcc/arm-none-eabi/14.2.1/thumb/v8-m.main+fp/softfp\libg.a(libc_a-errno.o)
                0x10004b40                __errno
 .text.__retarget_lock_acquire_recursive
                0x10004b4c        0x4 C:/Users/admin/.pico-sdk/toolchain/14_2_Rel1/bin/../lib/gcc/arm-none-eabi/14.2.1/thumb/v8-m.main+fp/softfp\libg.a(libc_a-lock.o)
                0x10004b4c                __retarget_lock_acquire_recursive
 .text.__retarget_lock_release_recursive
                0x10004b50        0x4 C:/Users/admin/.pico-sdk/toolchain/14_2_Rel1/bin/../lib/gcc/arm-none-eabi/14.2.1/thumb/v8-m.main+fp/softfp\libg.a(libc_a-lock.o)
                0x10004b50                __retarget_lock_release_recursive
 .text.sysconf  0x10004b54       0x1c C:/Users/admin/.pico-sdk/toolchain/14_2_Rel1/bin/../lib/gcc/arm-none-eabi/14.2.1/thumb/v8-m.main+fp/softfp\libg.a(libc_a-sysconf.o)
                0x10004b54                sysconf
 .text          0x10004b70       0xec C:/Users/admin/.pico-sdk/toolchain/14_2_Rel1/bin/../lib/gcc/arm-none-eabi/14.2.1/thumb/v8-m.main+fp/softfp\libg.a(libc_a-memcpy.o)
                0x10004b70                memcpy
 .text.strlen   0x10004c5c       0x5c C:/Users/admin/.pico-sdk/toolchain/14_2_Rel1/bin/../lib/gcc/arm-none-eabi/14.2.1/thumb/v8-m.main+fp/softfp\libg.a(libc_a-strlen-stub.o)
                0x10004c5c                strlen
 .text._malloc_trim_r
                0x10004cb8       0xb8 C:/Users/admin/.pico-sdk/toolchain/14_2_Rel1/bin/../lib/gcc/arm-none-eabi/14.2.1/thumb/v8-m.main+fp/softfp\libg.a(libc_a-freer.o)
                0x10004cb8                _malloc_trim_r
 .text._free_r  0x10004d70      0x1e8 C:/Users/admin/.pico-sdk/toolchain/14_2_Rel1/bin/../lib/gcc/arm-none-eabi/14.2.1/thumb/v8-m.main+fp/softfp\libg.a(libc_a-freer.o)
                0x10004d70                _free_r
 *(.fini)
 .fini          0x10004f58        0x4 C:/Users/admin/.pico-sdk/toolchain/14_2_Rel1/bin/../lib/gcc/arm-none-eabi/14.2.1/thumb/v8-m.main+fp/softfp/crti.o
                0x10004f58                _fini
 *fill*         0x10004f5c        0x4 
 .fini.__stub   0x10004f60       0x48 linker stubs
 *crtbegin.o(.ctors)
 *crtbegin?.o(.ctors)
 *(EXCLUDE_FILE(*crtend.o *crtend?.o) .ctors)
 *(SORT_BY_NAME(.ctors.*))
 *(.ctors)
 *crtbegin.o(.dtors)
 *crtbegin?.o(.dtors)
 *(EXCLUDE_FILE(*crtend.o *crtend?.o) .dtors)
 *(SORT_BY_NAME(.dtors.*))
 *(.dtors)
                0x10004fa8                        . = ALIGN (0x4)
                0x10004fa8                        PROVIDE (__preinit_array_start = .)
 *(SORT_BY_NAME(.preinit_array.*))
 .preinit_array.00050
                0x10004fa8        0x4 CMakeFiles/Monitorek.dir/C_/Users/admin/.pico-sdk/sdk/2.1.1/src/rp2_common/pico_runtime_init/runtime_init.c.obj
                0x10004fa8                __pre_init_runtime_init_bootrom_reset
 .preinit_array.00100
                0x10004fac        0x4 CMakeFiles/Monitorek.dir/C_/Users/admin/.pico-sdk/sdk/2.1.1/src/rp2_common/pico_runtime_init/runtime_init.c.obj
                0x10004fac                __pre_init_runtime_init_early_resets
 .preinit_array.00101
                0x10004fb0        0x4 CMakeFiles/Monitorek.dir/C_/Users/admin/.pico-sdk/sdk/2.1.1/src/rp2_common/pico_runtime_init/runtime_init.c.obj
                0x10004fb0                __pre_init_runtime_init_usb_power_down
 .preinit_array.00500
                0x10004fb4        0x4 CMakeFiles/Monitorek.dir/C_/Users/admin/.pico-sdk/sdk/2.1.1/src/rp2_common/pico_runtime_init/runtime_init.c.obj
                0x10004fb4                __pre_init_runtime_init_clocks
 .preinit_array.00600
                0x10004fb8        0x4 CMakeFiles/Monitorek.dir/C_/Users/admin/.pico-sdk/sdk/2.1.1/src/rp2_common/pico_runtime_init/runtime_init.c.obj
                0x10004fb8                __pre_init_runtime_init_post_clock_resets
 .preinit_array.01000
                0x10004fbc        0x4 CMakeFiles/Monitorek.dir/C_/Users/admin/.pico-sdk/sdk/2.1.1/src/rp2_common/hardware_boot_lock/boot_lock.c.obj
                0x10004fbc                __pre_init_runtime_init_boot_locks_reset
 .preinit_array.01000
                0x10004fc0        0x4 CMakeFiles/Monitorek.dir/C_/Users/admin/.pico-sdk/sdk/2.1.1/src/rp2_common/pico_runtime_init/runtime_init.c.obj
                0x10004fc0                __pre_init_runtime_init_spin_locks_reset
 .preinit_array.01010
                0x10004fc4        0x4 CMakeFiles/Monitorek.dir/C_/Users/admin/.pico-sdk/sdk/2.1.1/src/rp2_common/pico_bootrom/bootrom_lock.c.obj
                0x10004fc4                __pre_init_runtime_init_bootrom_locking_enable
 .preinit_array.01100
                0x10004fc8        0x4 CMakeFiles/Monitorek.dir/C_/Users/admin/.pico-sdk/sdk/2.1.1/src/common/pico_sync/mutex.c.obj
                0x10004fc8                __pre_init_runtime_init_mutex
 .preinit_array.10080
                0x10004fcc        0x4 CMakeFiles/Monitorek.dir/C_/Users/admin/.pico-sdk/sdk/2.1.1/src/rp2_common/pico_runtime_init/runtime_init.c.obj
                0x10004fcc                __pre_init_runtime_init_install_ram_vector_table
 .preinit_array.11000
                0x10004fd0        0x4 CMakeFiles/Monitorek.dir/C_/Users/admin/.pico-sdk/sdk/2.1.1/src/common/pico_time/time.c.obj
                0x10004fd0                __pre_init_runtime_init_default_alarm_pool
 .preinit_array.YYYYY
                0x10004fd4        0x4 CMakeFiles/Monitorek.dir/C_/Users/admin/.pico-sdk/sdk/2.1.1/src/rp2_common/pico_runtime/runtime.c.obj
                0x10004fd4                __pre_init_first_per_core_initializer
 .preinit_array.ZZZZZ.00051
                0x10004fd8        0x4 CMakeFiles/Monitorek.dir/C_/Users/admin/.pico-sdk/sdk/2.1.1/src/rp2_common/pico_runtime_init/runtime_init.c.obj
                0x10004fd8                __pre_init_runtime_init_per_core_bootrom_reset
 .preinit_array.ZZZZZ.00200
                0x10004fdc        0x4 CMakeFiles/Monitorek.dir/C_/Users/admin/.pico-sdk/sdk/2.1.1/src/rp2_common/pico_runtime_init/runtime_init.c.obj
                0x10004fdc                __pre_init_runtime_init_per_core_enable_coprocessors
 .preinit_array.ZZZZZ.01000
                0x10004fe0        0x4 CMakeFiles/Monitorek.dir/C_/Users/admin/.pico-sdk/sdk/2.1.1/src/rp2_common/hardware_sync_spin_lock/sync_spin_lock.c.obj
                0x10004fe0                __pre_init_spinlock_set_extexclall
 .preinit_array.ZZZZZ.01200
                0x10004fe4        0x4 CMakeFiles/Monitorek.dir/C_/Users/admin/.pico-sdk/sdk/2.1.1/src/rp2_common/hardware_irq/irq.c.obj
                0x10004fe4                __pre_init_runtime_init_per_core_irq_priorities
 *(.preinit_array)
                0x10004fe8                        PROVIDE (__preinit_array_end = .)
                0x10004fe8                        . = ALIGN (0x4)
                0x10004fe8                        PROVIDE (__init_array_start = .)
 *(SORT_BY_NAME(.init_array.*))
 *(.init_array)
 .init_array    0x10004fe8        0x4 C:/Users/admin/.pico-sdk/toolchain/14_2_Rel1/bin/../lib/gcc/arm-none-eabi/14.2.1/thumb/v8-m.main+fp/softfp/crtbegin.o
 .init_array    0x10004fec        0x4 CMakeFiles/Monitorek.dir/C_/Users/admin/.pico-sdk/sdk/2.1.1/src/rp2_common/pico_unique_id/unique_id.c.obj
                0x10004ff0                        PROVIDE (__init_array_end = .)
                0x10004ff0                        . = ALIGN (0x4)
                [!provide]                        PROVIDE (__fini_array_start = .)
 *(SORT_BY_NAME(.fini_array.*))
 *(.fini_array)
                [!provide]                        PROVIDE (__fini_array_end = .)
 *(.eh_frame*)
 .eh_frame      0x10004ff0        0x0 C:/Users/admin/.pico-sdk/toolchain/14_2_Rel1/bin/../lib/gcc/arm-none-eabi/14.2.1/thumb/v8-m.main+fp/softfp/crtbegin.o
                0x10004ff0                        . = ALIGN (0x4)

.glue_7         0x10004ff0        0x0
 .glue_7        0x10004ff0        0x0 linker stubs

.glue_7t        0x10004ff0        0x0
 .glue_7t       0x10004ff0        0x0 linker stubs

.vfp11_veneer   0x10004ff0        0x0
 .vfp11_veneer  0x10004ff0        0x0 linker stubs

.v4_bx          0x10004ff0        0x0
 .v4_bx         0x10004ff0        0x0 linker stubs

.iplt           0x10004ff0        0x0
 .iplt          0x10004ff0        0x0 C:/Users/admin/.pico-sdk/toolchain/14_2_Rel1/bin/../lib/gcc/arm-none-eabi/14.2.1/thumb/v8-m.main+fp/softfp/crtbegin.o

.boot2          0x10004ff0        0x0
                0x10004ff0                        __boot2_start__ = .
 *(.boot2)
                0x10004ff0                        __boot2_end__ = .
                0x00000001                        ASSERT (((__boot2_end__ - __boot2_start__) <= 0x100), ERROR: Pico second stage bootloader must be no more than 256 bytes in size)

.rodata         0x10004ff0      0x6f8
 *(EXCLUDE_FILE(*libm.a: *libc.a:*lib_a-mem*.o *libgcc.a:) .rodata*)
 .rodata.main.str1.4
                0x10004ff0      0x260 CMakeFiles/Monitorek.dir/Monitorek.c.obj
                                  0xe (size before relaxing)
 .rodata.__bi_333.0
                0x10005250        0x8 CMakeFiles/Monitorek.dir/Monitorek.c.obj
 .rodata.str1.4
                0x10005258       0xe5 CMakeFiles/Monitorek.dir/Monitorek.c.obj
 .rodata.__bi_334.1
                0x10005258        0xc CMakeFiles/Monitorek.dir/Monitorek.c.obj
 .rodata.font   0x10005264      0x128 CMakeFiles/Monitorek.dir/Monitorek.c.obj
 .rodata        0x1000538c       0x3c CMakeFiles/Monitorek.dir/Monitorek.c.obj
 .rodata.panic.str1.4
                0x100053c8       0x12 CMakeFiles/Monitorek.dir/C_/Users/admin/.pico-sdk/sdk/2.1.1/src/rp2_common/pico_platform_panic/panic.c.obj
 .rodata.spin_lock_claim_unused.str1.4
                0x100053c8       0x1b CMakeFiles/Monitorek.dir/C_/Users/admin/.pico-sdk/sdk/2.1.1/src/rp2_common/hardware_sync/sync.c.obj
 .rodata.user_irq_claim_unused.str1.4
                0x100053c8       0x1b CMakeFiles/Monitorek.dir/C_/Users/admin/.pico-sdk/sdk/2.1.1/src/rp2_common/hardware_irq/irq.c.obj
 .rodata.timer_hardware_alarm_claim.str1.4
                0x100053c8       0x22 CMakeFiles/Monitorek.dir/C_/Users/admin/.pico-sdk/sdk/2.1.1/src/rp2_common/hardware_timer/timer.c.obj
 .rodata.hard_assertion_failure.str1.4
                0x100053c8        0xc CMakeFiles/Monitorek.dir/C_/Users/admin/.pico-sdk/sdk/2.1.1/src/rp2_common/pico_runtime/runtime.c.obj
 .rodata.__wrap_malloc.str1.4
                0x100053c8        0xe CMakeFiles/Monitorek.dir/C_/Users/admin/.pico-sdk/sdk/2.1.1/src/rp2_common/pico_malloc/malloc.c.obj
 .rodata.str1.4
                0x100053c8       0x44 CMakeFiles/Monitorek.dir/C_/Users/admin/.pico-sdk/sdk/2.1.1/src/rp2_common/pico_standard_binary_info/standard_binary_info.c.obj
 .rodata.__bi_84
                0x100053c8        0xc CMakeFiles/Monitorek.dir/C_/Users/admin/.pico-sdk/sdk/2.1.1/src/rp2_common/pico_standard_binary_info/standard_binary_info.c.obj
 .rodata.__bi_78
                0x100053d4        0xc CMakeFiles/Monitorek.dir/C_/Users/admin/.pico-sdk/sdk/2.1.1/src/rp2_common/pico_standard_binary_info/standard_binary_info.c.obj
 .rodata.__bi_60
                0x100053e0        0xc CMakeFiles/Monitorek.dir/C_/Users/admin/.pico-sdk/sdk/2.1.1/src/rp2_common/pico_standard_binary_info/standard_binary_info.c.obj
 .rodata.__bi_54
                0x100053ec        0xc CMakeFiles/Monitorek.dir/C_/Users/admin/.pico-sdk/sdk/2.1.1/src/rp2_common/pico_standard_binary_info/standard_binary_info.c.obj
 .rodata.__bi_48
                0x100053f8        0xc CMakeFiles/Monitorek.dir/C_/Users/admin/.pico-sdk/sdk/2.1.1/src/rp2_common/pico_standard_binary_info/standard_binary_info.c.obj
 .rodata.__bi_42
                0x10005404        0xc CMakeFiles/Monitorek.dir/C_/Users/admin/.pico-sdk/sdk/2.1.1/src/rp2_common/pico_standard_binary_info/standard_binary_info.c.obj
 .rodata.__bi_34
                0x10005410        0xc CMakeFiles/Monitorek.dir/C_/Users/admin/.pico-sdk/sdk/2.1.1/src/rp2_common/pico_standard_binary_info/standard_binary_info.c.obj
 .rodata.__bi_26
                0x1000541c        0xc CMakeFiles/Monitorek.dir/C_/Users/admin/.pico-sdk/sdk/2.1.1/src/rp2_common/pico_standard_binary_info/standard_binary_info.c.obj
 .rodata.crlf_str.0
                0x10005428        0x2 CMakeFiles/Monitorek.dir/C_/Users/admin/.pico-sdk/sdk/2.1.1/src/rp2_common/pico_stdio/stdio.c.obj
 *fill*         0x1000542a        0x2 
 .rodata._resetd_driver
                0x1000542c       0x20 CMakeFiles/Monitorek.dir/C_/Users/admin/.pico-sdk/sdk/2.1.1/src/rp2_common/pico_stdio_usb/reset_interface.c.obj
 .rodata.desc_ms_os_20
                0x1000544c       0xa6 CMakeFiles/Monitorek.dir/C_/Users/admin/.pico-sdk/sdk/2.1.1/src/rp2_common/pico_stdio_usb/reset_interface.c.obj
 *fill*         0x100054f2        0x2 
 .rodata.desc_bos
                0x100054f4       0x21 CMakeFiles/Monitorek.dir/C_/Users/admin/.pico-sdk/sdk/2.1.1/src/rp2_common/pico_stdio_usb/reset_interface.c.obj
                0x100054f4                desc_bos
 .rodata.str1.4
                0x10005515       0x13 CMakeFiles/Monitorek.dir/C_/Users/admin/.pico-sdk/sdk/2.1.1/src/rp2_common/pico_stdio_usb/stdio_usb.c.obj
 *fill*         0x10005515        0x3 
 .rodata.__bi_197.0
                0x10005518        0xc CMakeFiles/Monitorek.dir/C_/Users/admin/.pico-sdk/sdk/2.1.1/src/rp2_common/pico_stdio_usb/stdio_usb.c.obj
 .rodata.str1.4
                0x10005524       0x2a CMakeFiles/Monitorek.dir/C_/Users/admin/.pico-sdk/sdk/2.1.1/src/rp2_common/pico_stdio_usb/stdio_usb_descriptors.c.obj
 .rodata.usbd_desc_str
                0x10005524       0x18 CMakeFiles/Monitorek.dir/C_/Users/admin/.pico-sdk/sdk/2.1.1/src/rp2_common/pico_stdio_usb/stdio_usb_descriptors.c.obj
 .rodata.usbd_desc_cfg
                0x1000553c       0x54 CMakeFiles/Monitorek.dir/C_/Users/admin/.pico-sdk/sdk/2.1.1/src/rp2_common/pico_stdio_usb/stdio_usb_descriptors.c.obj
 .rodata.usbd_desc_device
                0x10005590       0x12 CMakeFiles/Monitorek.dir/C_/Users/admin/.pico-sdk/sdk/2.1.1/src/rp2_common/pico_stdio_usb/stdio_usb_descriptors.c.obj
 .rodata.str1.4
                0x100055a2       0x14 CMakeFiles/Monitorek.dir/C_/Users/admin/.pico-sdk/sdk/2.1.1/lib/tinyusb/src/portable/raspberrypi/rp2040/dcd_rp2040.c.obj
 .rodata.str1.4
                0x100055a2       0x48 CMakeFiles/Monitorek.dir/C_/Users/admin/.pico-sdk/sdk/2.1.1/lib/tinyusb/src/portable/raspberrypi/rp2040/rp2040_usb.c.obj
 *fill*         0x100055a2        0x2 
 .rodata._usbd_driver
                0x100055a4       0x40 CMakeFiles/Monitorek.dir/C_/Users/admin/.pico-sdk/sdk/2.1.1/lib/tinyusb/src/device/usbd.c.obj
 .rodata._ctype_
                0x100055e4      0x101 C:/Users/admin/.pico-sdk/toolchain/14_2_Rel1/bin/../lib/gcc/arm-none-eabi/14.2.1/thumb/v8-m.main+fp/softfp\libg.a(libc_a-ctype_.o)
                0x100055e4                _ctype_
 *(.srodata*)
                0x100056e8                        . = ALIGN (0x4)
 *fill*         0x100056e5        0x3 
 *(SORT_BY_ALIGNMENT(SORT_BY_NAME(.flashdata*)))
                0x100056e8                        . = ALIGN (0x4)

.ARM.extab
 *(.ARM.extab* .gnu.linkonce.armextab.*)
                0x100056e8                        __exidx_start = .

.ARM.exidx      0x100056e8        0x8
 *(.ARM.exidx* .gnu.linkonce.armexidx.*)
 .ARM.exidx     0x100056e8        0x8 C:/Users/admin/.pico-sdk/toolchain/14_2_Rel1/bin/../lib/gcc/arm-none-eabi/14.2.1/thumb/v8-m.main+fp/softfp\libg.a(libc_a-memcpy.o)
                0x100056f0                        __exidx_end = .
                0x100056f0                        . = ALIGN (0x4)
                0x100056f0                        __binary_info_start = .

.binary_info    0x100056f0       0x2c
 *(.binary_info.keep.*)
 .binary_info.keep.__bi_ptr334
                0x100056f0        0x4 CMakeFiles/Monitorek.dir/Monitorek.c.obj
 .binary_info.keep.__bi_ptr333
                0x100056f4        0x4 CMakeFiles/Monitorek.dir/Monitorek.c.obj
 .binary_info.keep.__bi_ptr84
                0x100056f8        0x4 CMakeFiles/Monitorek.dir/C_/Users/admin/.pico-sdk/sdk/2.1.1/src/rp2_common/pico_standard_binary_info/standard_binary_info.c.obj
 .binary_info.keep.__bi_ptr78
                0x100056fc        0x4 CMakeFiles/Monitorek.dir/C_/Users/admin/.pico-sdk/sdk/2.1.1/src/rp2_common/pico_standard_binary_info/standard_binary_info.c.obj
 .binary_info.keep.__bi_ptr60
                0x10005700        0x4 CMakeFiles/Monitorek.dir/C_/Users/admin/.pico-sdk/sdk/2.1.1/src/rp2_common/pico_standard_binary_info/standard_binary_info.c.obj
 .binary_info.keep.__bi_ptr54
                0x10005704        0x4 CMakeFiles/Monitorek.dir/C_/Users/admin/.pico-sdk/sdk/2.1.1/src/rp2_common/pico_standard_binary_info/standard_binary_info.c.obj
 .binary_info.keep.__bi_ptr48
                0x10005708        0x4 CMakeFiles/Monitorek.dir/C_/Users/admin/.pico-sdk/sdk/2.1.1/src/rp2_common/pico_standard_binary_info/standard_binary_info.c.obj
 .binary_info.keep.__bi_ptr42
                0x1000570c        0x4 CMakeFiles/Monitorek.dir/C_/Users/admin/.pico-sdk/sdk/2.1.1/src/rp2_common/pico_standard_binary_info/standard_binary_info.c.obj
 .binary_info.keep.__bi_ptr34
                0x10005710        0x4 CMakeFiles/Monitorek.dir/C_/Users/admin/.pico-sdk/sdk/2.1.1/src/rp2_common/pico_standard_binary_info/standard_binary_info.c.obj
 .binary_info.keep.__bi_ptr26
                0x10005714        0x4 CMakeFiles/Monitorek.dir/C_/Users/admin/.pico-sdk/sdk/2.1.1/src/rp2_common/pico_standard_binary_info/standard_binary_info.c.obj
 *(.binary_info.*)
 .binary_info.__bi_ptr197
                0x10005718        0x4 CMakeFiles/Monitorek.dir/C_/Users/admin/.pico-sdk/sdk/2.1.1/src/rp2_common/pico_stdio_usb/stdio_usb.c.obj
                0x1000571c                        __binary_info_end = .
                0x1000571c                        . = ALIGN (0x4)

.ram_vector_table
                0x20000000      0x110
 *(.ram_vector_table)
 .ram_vector_table
                0x20000000      0x110 CMakeFiles/Monitorek.dir/C_/Users/admin/.pico-sdk/sdk/2.1.1/src/rp2_common/pico_runtime_init/runtime_init.c.obj
                0x20000000                ram_vector_table

.uninitialized_data
                0x20000110        0x0
                0x20000110                        . = ALIGN (0x4)
 *(.uninitialized_data*)

.data           0x20000110     0x1318 load address 0x1000571c
                0x20000110                        __data_start__ = .
 *(vtable)
 *(.time_critical*)
 .time_critical.mutex_try_enter
                0x20000110       0x50 CMakeFiles/Monitorek.dir/C_/Users/admin/.pico-sdk/sdk/2.1.1/src/common/pico_sync/mutex.c.obj
                0x20000110                mutex_try_enter
 .time_critical.mutex_enter_block_until
                0x20000160       0x6c CMakeFiles/Monitorek.dir/C_/Users/admin/.pico-sdk/sdk/2.1.1/src/common/pico_sync/mutex.c.obj
                0x20000160                mutex_enter_block_until
 .time_critical.mutex_try_enter_block_until
                0x200001cc       0x68 CMakeFiles/Monitorek.dir/C_/Users/admin/.pico-sdk/sdk/2.1.1/src/common/pico_sync/mutex.c.obj
                0x200001cc                mutex_try_enter_block_until
 .time_critical.mutex_enter_timeout_ms
                0x20000234       0x38 CMakeFiles/Monitorek.dir/C_/Users/admin/.pico-sdk/sdk/2.1.1/src/common/pico_sync/mutex.c.obj
                0x20000234                mutex_enter_timeout_ms
 .time_critical.mutex_exit
                0x2000026c       0x3c CMakeFiles/Monitorek.dir/C_/Users/admin/.pico-sdk/sdk/2.1.1/src/common/pico_sync/mutex.c.obj
                0x2000026c                mutex_exit
 .time_critical.reset_non_control_endpoints
                0x200002a8       0x64 CMakeFiles/Monitorek.dir/C_/Users/admin/.pico-sdk/sdk/2.1.1/lib/tinyusb/src/portable/raspberrypi/rp2040/dcd_rp2040.c.obj
 .time_critical.hw_handle_buff_status
                0x2000030c       0x90 CMakeFiles/Monitorek.dir/C_/Users/admin/.pico-sdk/sdk/2.1.1/lib/tinyusb/src/portable/raspberrypi/rp2040/dcd_rp2040.c.obj
 .time_critical.dcd_rp2040_irq
                0x2000039c      0x530 CMakeFiles/Monitorek.dir/C_/Users/admin/.pico-sdk/sdk/2.1.1/lib/tinyusb/src/portable/raspberrypi/rp2040/dcd_rp2040.c.obj
 .time_critical.prepare_ep_buffer
                0x200008cc       0xc0 CMakeFiles/Monitorek.dir/C_/Users/admin/.pico-sdk/sdk/2.1.1/lib/tinyusb/src/portable/raspberrypi/rp2040/rp2040_usb.c.obj
 .time_critical.sync_ep_buffer
                0x2000098c       0xb4 CMakeFiles/Monitorek.dir/C_/Users/admin/.pico-sdk/sdk/2.1.1/lib/tinyusb/src/portable/raspberrypi/rp2040/rp2040_usb.c.obj
 .time_critical._hw_endpoint_xfer_sync
                0x20000a40       0x2c CMakeFiles/Monitorek.dir/C_/Users/admin/.pico-sdk/sdk/2.1.1/lib/tinyusb/src/portable/raspberrypi/rp2040/rp2040_usb.c.obj
 .time_critical.e15_is_bulkin_ep
                0x20000a6c       0x28 CMakeFiles/Monitorek.dir/C_/Users/admin/.pico-sdk/sdk/2.1.1/lib/tinyusb/src/portable/raspberrypi/rp2040/rp2040_usb.c.obj
 .time_critical.e15_is_critical_frame_period
                0x20000a94       0x28 CMakeFiles/Monitorek.dir/C_/Users/admin/.pico-sdk/sdk/2.1.1/lib/tinyusb/src/portable/raspberrypi/rp2040/rp2040_usb.c.obj
 .time_critical.hw_endpoint_reset_transfer
                0x20000abc        0xc CMakeFiles/Monitorek.dir/C_/Users/admin/.pico-sdk/sdk/2.1.1/lib/tinyusb/src/portable/raspberrypi/rp2040/rp2040_usb.c.obj
                0x20000abc                hw_endpoint_reset_transfer
 .time_critical._hw_endpoint_buffer_control_update32
                0x20000ac8       0x44 CMakeFiles/Monitorek.dir/C_/Users/admin/.pico-sdk/sdk/2.1.1/lib/tinyusb/src/portable/raspberrypi/rp2040/rp2040_usb.c.obj
                0x20000ac8                _hw_endpoint_buffer_control_update32
 .time_critical.hw_endpoint_start_next_buffer
                0x20000b0c       0x64 CMakeFiles/Monitorek.dir/C_/Users/admin/.pico-sdk/sdk/2.1.1/lib/tinyusb/src/portable/raspberrypi/rp2040/rp2040_usb.c.obj
                0x20000b0c                hw_endpoint_start_next_buffer
 .time_critical.hw_endpoint_xfer_continue
                0x20000b70       0x3c CMakeFiles/Monitorek.dir/C_/Users/admin/.pico-sdk/sdk/2.1.1/lib/tinyusb/src/portable/raspberrypi/rp2040/rp2040_usb.c.obj
                0x20000b70                hw_endpoint_xfer_continue
 .time_critical.tinyusb
                0x20000bac      0x224 CMakeFiles/Monitorek.dir/C_/Users/admin/.pico-sdk/sdk/2.1.1/lib/tinyusb/src/device/usbd.c.obj
                0x20000bac                dcd_event_handler
 .time_critical.tinyusb.__stub
                0x20000dd0       0x30 linker stubs
 *(.text*)
                0x20000e00                        . = ALIGN (0x4)
 *(.rodata*)
                0x20000e00                        . = ALIGN (0x4)
 *(.data*)
 .data.frame_area
                0x20000e00        0x8 CMakeFiles/Monitorek.dir/Monitorek.c.obj
                0x20000e00                frame_area
 .data.records  0x20000e08       0x18 CMakeFiles/Monitorek.dir/Monitorek.c.obj
                0x20000e08                records
 .data.striped_spin_lock_num
                0x20000e20        0x1 CMakeFiles/Monitorek.dir/C_/Users/admin/.pico-sdk/sdk/2.1.1/src/rp2_common/hardware_sync/sync.c.obj
 *fill*         0x20000e21        0x3 
 .data          0x20000e24       0x48 CMakeFiles/Monitorek.dir/C_/Users/admin/.pico-sdk/sdk/2.1.1/src/rp2_common/hardware_irq/irq_handler_chain.S.obj
                0x20000e24                irq_handler_chain_slots
                0x20000e54                irq_handler_chain_first_slot
                0x20000e5e                irq_handler_chain_remove_tail
 .data.default_alarm_pool
                0x20000e6c       0x18 CMakeFiles/Monitorek.dir/C_/Users/admin/.pico-sdk/sdk/2.1.1/src/common/pico_time/time.c.obj
 .data.stdio_usb
                0x20000e84       0x18 CMakeFiles/Monitorek.dir/C_/Users/admin/.pico-sdk/sdk/2.1.1/src/rp2_common/pico_stdio_usb/stdio_usb.c.obj
                0x20000e84                stdio_usb
 .data._usbd_qdef
                0x20000e9c       0x1c CMakeFiles/Monitorek.dir/C_/Users/admin/.pico-sdk/sdk/2.1.1/lib/tinyusb/src/device/usbd.c.obj
                0x20000e9c                _usbd_qdef
 .data._usbd_rhport
                0x20000eb8        0x1 CMakeFiles/Monitorek.dir/C_/Users/admin/.pico-sdk/sdk/2.1.1/lib/tinyusb/src/device/usbd.c.obj
 *fill*         0x20000eb9        0x3 
 .data.i2c0_inst
                0x20000ebc        0x8 CMakeFiles/Monitorek.dir/C_/Users/admin/.pico-sdk/sdk/2.1.1/src/rp2_common/hardware_i2c/i2c.c.obj
                0x20000ebc                i2c0_inst
 .data.__malloc_sbrk_base
                0x20000ec4        0x4 C:/Users/admin/.pico-sdk/toolchain/14_2_Rel1/bin/../lib/gcc/arm-none-eabi/14.2.1/thumb/v8-m.main+fp/softfp\libg.a(libc_a-mallocr.o)
                0x20000ec4                __malloc_sbrk_base
 .data.__malloc_trim_threshold
                0x20000ec8        0x4 C:/Users/admin/.pico-sdk/toolchain/14_2_Rel1/bin/../lib/gcc/arm-none-eabi/14.2.1/thumb/v8-m.main+fp/softfp\libg.a(libc_a-mallocr.o)
                0x20000ec8                __malloc_trim_threshold
 *fill*         0x20000ecc        0x4 
 .data.__malloc_av_
                0x20000ed0      0x408 C:/Users/admin/.pico-sdk/toolchain/14_2_Rel1/bin/../lib/gcc/arm-none-eabi/14.2.1/thumb/v8-m.main+fp/softfp\libg.a(libc_a-mallocr.o)
                0x20000ed0                __malloc_av_
 .data._impure_ptr
                0x200012d8        0x4 C:/Users/admin/.pico-sdk/toolchain/14_2_Rel1/bin/../lib/gcc/arm-none-eabi/14.2.1/thumb/v8-m.main+fp/softfp\libg.a(libc_a-impure.o)
                0x200012d8                _impure_ptr
 *fill*         0x200012dc        0x4 
 .data._impure_data
                0x200012e0      0x140 C:/Users/admin/.pico-sdk/toolchain/14_2_Rel1/bin/../lib/gcc/arm-none-eabi/14.2.1/thumb/v8-m.main+fp/softfp\libg.a(libc_a-impure.o)
                0x200012e0                _impure_data
 *(.sdata*)
                0x20001420                        . = ALIGN (0x4)
 *(.after_data.*)
                0x20001420                        . = ALIGN (0x4)
                0x20001420                        PROVIDE (__mutex_array_start = .)
 *(SORT_BY_NAME(.mutex_array.*))
 *(.mutex_array)
 .mutex_array   0x20001420        0x8 CMakeFiles/Monitorek.dir/C_/Users/admin/.pico-sdk/sdk/2.1.1/src/rp2_common/pico_stdio/stdio.c.obj
                0x20001428                        PROVIDE (__mutex_array_end = .)
 *(.jcr)
                0x20001428                        . = ALIGN (0x4)

.tm_clone_table
                0x20001428        0x0 load address 0x10006a34
 .tm_clone_table
                0x20001428        0x0 C:/Users/admin/.pico-sdk/toolchain/14_2_Rel1/bin/../lib/gcc/arm-none-eabi/14.2.1/thumb/v8-m.main+fp/softfp/crtbegin.o
 .tm_clone_table
                0x20001428        0x0 C:/Users/admin/.pico-sdk/toolchain/14_2_Rel1/bin/../lib/gcc/arm-none-eabi/14.2.1/thumb/v8-m.main+fp/softfp/crtend.o

.igot.plt       0x20001428        0x0 load address 0x10006a34
 .igot.plt      0x20001428        0x0 C:/Users/admin/.pico-sdk/toolchain/14_2_Rel1/bin/../lib/gcc/arm-none-eabi/14.2.1/thumb/v8-m.main+fp/softfp/crtbegin.o

.tdata          0x20001428        0x0 load address 0x10006a34
                0x20001428                        . = ALIGN (0x4)
 *(.tdata .tdata.* .gnu.linkonce.td.*)
                0x20001428                        __tdata_end = .
                0x20001428                        PROVIDE (__data_end__ = .)
                0x1000571c                        __etext = LOADADDR (.data)

.tbss           0x20001428        0x0 load address 0x10006a34
                0x20001428                        . = ALIGN (0x4)
                0x20001428                        __bss_start__ = .
                0x20001428                        __tls_base = .
 *(.tbss .tbss.* .gnu.linkonce.tb.*)
 *(.tcommon)
                0x20001428                        __tls_end = .

.bss            0x20001428     0x11a4 load address 0x10006a34
                0x20001428                        . = ALIGN (0x4)
                0x20001428                        __tbss_end = .
 *(SORT_BY_ALIGNMENT(SORT_BY_NAME(.bss*)))
 .bss.default_alarm_pool_entries
                0x20001428      0x180 CMakeFiles/Monitorek.dir/C_/Users/admin/.pico-sdk/sdk/2.1.1/src/common/pico_time/time.c.obj
 .bss.last_avail_time.1
                0x200015a8        0x8 CMakeFiles/Monitorek.dir/C_/Users/admin/.pico-sdk/sdk/2.1.1/src/rp2_common/pico_stdio_usb/stdio_usb.c.obj
 .bss.__lock___malloc_recursive_mutex
                0x200015b0        0x1 C:/Users/admin/.pico-sdk/toolchain/14_2_Rel1/bin/../lib/gcc/arm-none-eabi/14.2.1/thumb/v8-m.main+fp/softfp\libg.a(libc_a-lock.o)
                0x200015b0                __lock___malloc_recursive_mutex
 *fill*         0x200015b1        0x3 
 .bss.__malloc_current_mallinfo
                0x200015b4       0x28 C:/Users/admin/.pico-sdk/toolchain/14_2_Rel1/bin/../lib/gcc/arm-none-eabi/14.2.1/thumb/v8-m.main+fp/softfp\libg.a(libc_a-mallocr.o)
                0x200015b4                __malloc_current_mallinfo
 .bss.__malloc_max_sbrked_mem
                0x200015dc        0x4 C:/Users/admin/.pico-sdk/toolchain/14_2_Rel1/bin/../lib/gcc/arm-none-eabi/14.2.1/thumb/v8-m.main+fp/softfp\libg.a(libc_a-mallocr.o)
                0x200015dc                __malloc_max_sbrked_mem
 .bss.__malloc_max_total_mem
                0x200015e0        0x4 C:/Users/admin/.pico-sdk/toolchain/14_2_Rel1/bin/../lib/gcc/arm-none-eabi/14.2.1/thumb/v8-m.main+fp/softfp\libg.a(libc_a-mallocr.o)
                0x200015e0                __malloc_max_total_mem
 .bss.__malloc_top_pad
                0x200015e4        0x4 C:/Users/admin/.pico-sdk/toolchain/14_2_Rel1/bin/../lib/gcc/arm-none-eabi/14.2.1/thumb/v8-m.main+fp/softfp\libg.a(libc_a-mallocr.o)
                0x200015e4                __malloc_top_pad
 .bss.__sf      0x200015e8      0x138 C:/Users/admin/.pico-sdk/toolchain/14_2_Rel1/bin/../lib/gcc/arm-none-eabi/14.2.1/thumb/v8-m.main+fp/softfp\libg.a(libc_a-findfp.o)
                0x200015e8                __sf
 .bss._app_driver
                0x20001720        0x4 CMakeFiles/Monitorek.dir/C_/Users/admin/.pico-sdk/sdk/2.1.1/lib/tinyusb/src/device/usbd.c.obj
 .bss._cdcd_epbuf
                0x20001724       0x80 CMakeFiles/Monitorek.dir/C_/Users/admin/.pico-sdk/sdk/2.1.1/lib/tinyusb/src/class/cdc/cdc_device.c.obj
 .bss._cdcd_fifo_cfg
                0x200017a4        0x1 CMakeFiles/Monitorek.dir/C_/Users/admin/.pico-sdk/sdk/2.1.1/lib/tinyusb/src/class/cdc/cdc_device.c.obj
 *fill*         0x200017a5        0x3 
 .bss._cdcd_itf
                0x200017a8       0xc8 CMakeFiles/Monitorek.dir/C_/Users/admin/.pico-sdk/sdk/2.1.1/lib/tinyusb/src/class/cdc/cdc_device.c.obj
 .bss._ctrl_epbuf
                0x20001870       0x40 CMakeFiles/Monitorek.dir/C_/Users/admin/.pico-sdk/sdk/2.1.1/lib/tinyusb/src/device/usbd_control.c.obj
 .bss._ctrl_xfer
                0x200018b0       0x14 CMakeFiles/Monitorek.dir/C_/Users/admin/.pico-sdk/sdk/2.1.1/lib/tinyusb/src/device/usbd_control.c.obj
 .bss._sw_spin_locks
                0x200018c4       0x20 CMakeFiles/Monitorek.dir/C_/Users/admin/.pico-sdk/sdk/2.1.1/src/rp2_common/hardware_sync_spin_lock/sync_spin_lock.c.obj
                0x200018c4                _sw_spin_locks
 .bss._tusb_rhport_role
                0x200018e4        0x2 CMakeFiles/Monitorek.dir/C_/Users/admin/.pico-sdk/sdk/2.1.1/lib/tinyusb/src/tusb.c.obj
                0x200018e4                _tusb_rhport_role
 *fill*         0x200018e6        0x2 
 .bss._ubsd_mutexdef
                0x200018e8        0x8 CMakeFiles/Monitorek.dir/C_/Users/admin/.pico-sdk/sdk/2.1.1/lib/tinyusb/src/device/usbd.c.obj
 .bss._usbd_dev
                0x200018f0       0x54 CMakeFiles/Monitorek.dir/C_/Users/admin/.pico-sdk/sdk/2.1.1/lib/tinyusb/src/device/usbd.c.obj
 .bss._usbd_mutex
                0x20001944        0x4 CMakeFiles/Monitorek.dir/C_/Users/admin/.pico-sdk/sdk/2.1.1/lib/tinyusb/src/device/usbd.c.obj
 .bss._usbd_q   0x20001948        0x4 CMakeFiles/Monitorek.dir/C_/Users/admin/.pico-sdk/sdk/2.1.1/lib/tinyusb/src/device/usbd.c.obj
 .bss._usbd_qdef_buf
                0x2000194c       0xc0 CMakeFiles/Monitorek.dir/C_/Users/admin/.pico-sdk/sdk/2.1.1/lib/tinyusb/src/device/usbd.c.obj
                0x2000194c                _usbd_qdef_buf
 .bss._vendord_epbuf
                0x20001a0c       0x80 CMakeFiles/Monitorek.dir/C_/Users/admin/.pico-sdk/sdk/2.1.1/lib/tinyusb/src/class/vendor/vendor_device.c.obj
 .bss._vendord_itf
                0x20001a8c      0x24c CMakeFiles/Monitorek.dir/C_/Users/admin/.pico-sdk/sdk/2.1.1/lib/tinyusb/src/class/vendor/vendor_device.c.obj
 .bss.buf       0x20001cd8      0x400 CMakeFiles/Monitorek.dir/Monitorek.c.obj
                0x20001cd8                buf
 .bss.chars_available_callback
                0x200020d8        0x4 CMakeFiles/Monitorek.dir/C_/Users/admin/.pico-sdk/sdk/2.1.1/src/rp2_common/pico_stdio_usb/stdio_usb.c.obj
 .bss.chars_available_param
                0x200020dc        0x4 CMakeFiles/Monitorek.dir/C_/Users/admin/.pico-sdk/sdk/2.1.1/src/rp2_common/pico_stdio_usb/stdio_usb.c.obj
 .bss.claimed   0x200020e0        0x4 CMakeFiles/Monitorek.dir/C_/Users/admin/.pico-sdk/sdk/2.1.1/src/rp2_common/hardware_sync/sync.c.obj
 .bss.claimed   0x200020e4        0x2 CMakeFiles/Monitorek.dir/C_/Users/admin/.pico-sdk/sdk/2.1.1/src/rp2_common/hardware_timer/timer.c.obj
 *fill*         0x200020e6        0x2 
 .bss.configured_freq
                0x200020e8       0x28 CMakeFiles/Monitorek.dir/C_/Users/admin/.pico-sdk/sdk/2.1.1/src/rp2_common/hardware_clocks/clocks.c.obj
 .bss.desc_str.0
                0x20002110       0x28 CMakeFiles/Monitorek.dir/C_/Users/admin/.pico-sdk/sdk/2.1.1/src/rp2_common/pico_stdio_usb/stdio_usb_descriptors.c.obj
 .bss.drivers   0x20002138        0x4 CMakeFiles/Monitorek.dir/C_/Users/admin/.pico-sdk/sdk/2.1.1/src/rp2_common/pico_stdio/stdio.c.obj
 .bss.e15_last_sof
                0x2000213c        0x4 CMakeFiles/Monitorek.dir/C_/Users/admin/.pico-sdk/sdk/2.1.1/lib/tinyusb/src/portable/raspberrypi/rp2040/rp2040_usb.c.obj
                0x2000213c                e15_last_sof
 .bss.errno     0x20002140        0x4 C:/Users/admin/.pico-sdk/toolchain/14_2_Rel1/bin/../lib/gcc/arm-none-eabi/14.2.1/thumb/v8-m.main+fp/softfp\libg.a(libc_a-reent.o)
                0x20002140                errno
 .bss.filter    0x20002144        0x4 CMakeFiles/Monitorek.dir/C_/Users/admin/.pico-sdk/sdk/2.1.1/src/rp2_common/pico_stdio/stdio.c.obj
 .bss.heap_end.0
                0x20002148        0x4 CMakeFiles/Monitorek.dir/C_/Users/admin/.pico-sdk/sdk/2.1.1/src/rp2_common/pico_clib_interface/newlib_interface.c.obj
 .bss.hw_endpoints
                0x2000214c      0x400 CMakeFiles/Monitorek.dir/C_/Users/admin/.pico-sdk/sdk/2.1.1/lib/tinyusb/src/portable/raspberrypi/rp2040/dcd_rp2040.c.obj
 .bss.lazy_vsnprintf
                0x2000254c        0x4 CMakeFiles/Monitorek.dir/C_/Users/admin/.pico-sdk/sdk/2.1.1/src/rp2_common/pico_printf/printf.c.obj
 .bss.load_value
                0x20002550        0x4 CMakeFiles/Monitorek.dir/C_/Users/admin/.pico-sdk/sdk/2.1.1/src/rp2_common/hardware_watchdog/watchdog.c.obj
 .bss.next_buffer_ptr
                0x20002554        0x4 CMakeFiles/Monitorek.dir/C_/Users/admin/.pico-sdk/sdk/2.1.1/lib/tinyusb/src/portable/raspberrypi/rp2040/dcd_rp2040.c.obj
 .bss.object.0  0x20002558       0x18 C:/Users/admin/.pico-sdk/toolchain/14_2_Rel1/bin/../lib/gcc/arm-none-eabi/14.2.1/thumb/v8-m.main+fp/softfp/crtbegin.o
 .bss.one_shot_timer_crit_sec
                0x20002570        0x8 CMakeFiles/Monitorek.dir/C_/Users/admin/.pico-sdk/sdk/2.1.1/src/rp2_common/pico_stdio_usb/stdio_usb.c.obj
 .bss.pools     0x20002578       0x20 CMakeFiles/Monitorek.dir/C_/Users/admin/.pico-sdk/sdk/2.1.1/src/common/pico_time/time.c.obj
 .bss.retrieved_id
                0x20002598        0x8 CMakeFiles/Monitorek.dir/C_/Users/admin/.pico-sdk/sdk/2.1.1/src/rp2_common/pico_unique_id/unique_id.c.obj
 .bss.selectedRecord
                0x200025a0        0x4 CMakeFiles/Monitorek.dir/Monitorek.c.obj
                0x200025a0                selectedRecord
 .bss.sleep_notifier
                0x200025a4        0x4 CMakeFiles/Monitorek.dir/C_/Users/admin/.pico-sdk/sdk/2.1.1/src/common/pico_time/time.c.obj
 .bss.stdio_usb_mutex
                0x200025a8        0x8 CMakeFiles/Monitorek.dir/C_/Users/admin/.pico-sdk/sdk/2.1.1/src/rp2_common/pico_stdio_usb/stdio_usb.c.obj
 .bss.usbd_serial_str
                0x200025b0       0x11 CMakeFiles/Monitorek.dir/C_/Users/admin/.pico-sdk/sdk/2.1.1/src/rp2_common/pico_stdio_usb/stdio_usb_descriptors.c.obj
 .bss._app_driver_count
                0x200025c1        0x1 CMakeFiles/Monitorek.dir/C_/Users/admin/.pico-sdk/sdk/2.1.1/lib/tinyusb/src/device/usbd.c.obj
 .bss._sof_enable
                0x200025c2        0x1 CMakeFiles/Monitorek.dir/C_/Users/admin/.pico-sdk/sdk/2.1.1/lib/tinyusb/src/portable/raspberrypi/rp2040/dcd_rp2040.c.obj
 .bss._usbd_queued_setup
                0x200025c3        0x1 CMakeFiles/Monitorek.dir/C_/Users/admin/.pico-sdk/sdk/2.1.1/lib/tinyusb/src/device/usbd.c.obj
 .bss.irq_handler_chain_free_slot_head
                0x200025c4        0x1 CMakeFiles/Monitorek.dir/C_/Users/admin/.pico-sdk/sdk/2.1.1/src/rp2_common/hardware_irq/irq.c.obj
 .bss.itf_num   0x200025c5        0x1 CMakeFiles/Monitorek.dir/C_/Users/admin/.pico-sdk/sdk/2.1.1/src/rp2_common/pico_stdio_usb/reset_interface.c.obj
 .bss.low_priority_irq_num
                0x200025c6        0x1 CMakeFiles/Monitorek.dir/C_/Users/admin/.pico-sdk/sdk/2.1.1/src/rp2_common/pico_stdio_usb/stdio_usb.c.obj
 .bss.one_shot_timer_pending
                0x200025c7        0x1 CMakeFiles/Monitorek.dir/C_/Users/admin/.pico-sdk/sdk/2.1.1/src/rp2_common/pico_stdio_usb/stdio_usb.c.obj
 .bss.user_irq_claimed
                0x200025c8        0x1 CMakeFiles/Monitorek.dir/C_/Users/admin/.pico-sdk/sdk/2.1.1/src/rp2_common/hardware_irq/irq.c.obj
 *(COMMON)
                [!provide]                        PROVIDE (__global_pointer$ = (. + 0x800))
 *(.sbss*)
                0x200025cc                        . = ALIGN (0x4)
 *fill*         0x200025c9        0x3 
                0x200025cc                        __bss_end__ = .

.heap           0x200025cc      0x800 load address 0x10006a34
                0x200025cc                        __end__ = .
                0x200025cc                        end = __end__
 *(.heap*)
 .heap          0x200025cc      0x800 CMakeFiles/Monitorek.dir/C_/Users/admin/.pico-sdk/sdk/2.1.1/src/rp2_common/pico_crt0/crt0.S.obj
                0x20080000                        __HeapLimit = (ORIGIN (RAM) + LENGTH (RAM))

.scratch_x      0x20080000        0x0 load address 0x10006a34
                0x20080000                        __scratch_x_start__ = .
 *(.scratch_x.*)
                0x20080000                        . = ALIGN (0x4)
                0x20080000                        __scratch_x_end__ = .
                0x10006a34                        __scratch_x_source__ = LOADADDR (.scratch_x)

.scratch_y      0x20081000        0x0 load address 0x10006a34
                0x20081000                        __scratch_y_start__ = .
 *(.scratch_y.*)
                0x20081000                        . = ALIGN (0x4)
                0x20081000                        __scratch_y_end__ = .
                0x10006a34                        __scratch_y_source__ = LOADADDR (.scratch_y)

.stack1_dummy
 *(.stack1*)

.stack_dummy    0x20081000      0x800
 *(.stack*)
 .stack         0x20081000      0x800 CMakeFiles/Monitorek.dir/C_/Users/admin/.pico-sdk/sdk/2.1.1/src/rp2_common/pico_crt0/crt0.S.obj

.flash_end      0x10006a34       0x14
 *(.embedded_end_block*)
 .embedded_end_block
                0x10006a34       0x14 CMakeFiles/Monitorek.dir/C_/Users/admin/.pico-sdk/sdk/2.1.1/src/rp2_common/pico_crt0/crt0.S.obj
                0x10006a48                        PROVIDE (__flash_binary_end = .)
                0x20080000                        __StackLimit = (ORIGIN (RAM) + LENGTH (RAM))
                0x20081000                        __StackOneTop = (ORIGIN (SCRATCH_X) + LENGTH (SCRATCH_X))
                0x20082000                        __StackTop = (ORIGIN (SCRATCH_Y) + LENGTH (SCRATCH_Y))
                0x20081000                        __StackOneBottom = (__StackOneTop - SIZEOF (.stack1_dummy))
                0x20081800                        __StackBottom = (__StackTop - SIZEOF (.stack_dummy))
                0x20082000                        PROVIDE (__stack = __StackTop)
                [!provide]                        PROVIDE (__heap_start = __end__)
                [!provide]                        PROVIDE (__heap_end = __HeapLimit)
                [!provide]                        PROVIDE (__tls_align = MAX (ALIGNOF (.tdata), ALIGNOF (.tbss)))
                [!provide]                        PROVIDE (__tls_size_align = (((__tls_size + __tls_align) - 0x1) & ~ ((__tls_align - 0x1))))
                [!provide]                        PROVIDE (__arm32_tls_tcb_offset = MAX (0x8, __tls_align))
                [!provide]                        PROVIDE (_end = __end__)
                [!provide]                        PROVIDE (__llvm_libc_heap_limit = __HeapLimit)
                0x00000001                        ASSERT ((__StackLimit >= __HeapLimit), region RAM overflowed)
                0x00000001                        ASSERT (((__binary_info_header_end - __logical_binary_start) <= 0x400), Binary info must be in first 1024 bytes of the binary)
                0x00000001                        ASSERT (((__embedded_block_end - __logical_binary_start) <= 0x1000), Embedded block must be in first 4096 bytes of the binary)
LOAD CMakeFiles/Monitorek.dir/Monitorek.c.obj
LOAD CMakeFiles/Monitorek.dir/C_/Users/admin/.pico-sdk/sdk/2.1.1/src/rp2_common/pico_stdlib/stdlib.c.obj
LOAD CMakeFiles/Monitorek.dir/C_/Users/admin/.pico-sdk/sdk/2.1.1/src/rp2_common/hardware_gpio/gpio.c.obj
LOAD CMakeFiles/Monitorek.dir/C_/Users/admin/.pico-sdk/sdk/2.1.1/src/rp2350/pico_platform/platform.c.obj
LOAD CMakeFiles/Monitorek.dir/C_/Users/admin/.pico-sdk/sdk/2.1.1/src/rp2_common/pico_platform_panic/panic.c.obj
LOAD CMakeFiles/Monitorek.dir/C_/Users/admin/.pico-sdk/sdk/2.1.1/src/common/hardware_claim/claim.c.obj
LOAD CMakeFiles/Monitorek.dir/C_/Users/admin/.pico-sdk/sdk/2.1.1/src/rp2_common/hardware_sync/sync.c.obj
LOAD CMakeFiles/Monitorek.dir/C_/Users/admin/.pico-sdk/sdk/2.1.1/src/rp2_common/hardware_sync_spin_lock/sync_spin_lock.c.obj
LOAD CMakeFiles/Monitorek.dir/C_/Users/admin/.pico-sdk/sdk/2.1.1/src/rp2_common/hardware_irq/irq.c.obj
LOAD CMakeFiles/Monitorek.dir/C_/Users/admin/.pico-sdk/sdk/2.1.1/src/rp2_common/hardware_irq/irq_handler_chain.S.obj
LOAD CMakeFiles/Monitorek.dir/C_/Users/admin/.pico-sdk/sdk/2.1.1/src/common/pico_sync/sem.c.obj
LOAD CMakeFiles/Monitorek.dir/C_/Users/admin/.pico-sdk/sdk/2.1.1/src/common/pico_sync/lock_core.c.obj
LOAD CMakeFiles/Monitorek.dir/C_/Users/admin/.pico-sdk/sdk/2.1.1/src/common/pico_sync/mutex.c.obj
LOAD CMakeFiles/Monitorek.dir/C_/Users/admin/.pico-sdk/sdk/2.1.1/src/common/pico_sync/critical_section.c.obj
LOAD CMakeFiles/Monitorek.dir/C_/Users/admin/.pico-sdk/sdk/2.1.1/src/common/pico_time/time.c.obj
LOAD CMakeFiles/Monitorek.dir/C_/Users/admin/.pico-sdk/sdk/2.1.1/src/common/pico_time/timeout_helper.c.obj
LOAD CMakeFiles/Monitorek.dir/C_/Users/admin/.pico-sdk/sdk/2.1.1/src/rp2_common/hardware_timer/timer.c.obj
LOAD CMakeFiles/Monitorek.dir/C_/Users/admin/.pico-sdk/sdk/2.1.1/src/common/pico_util/datetime.c.obj
LOAD CMakeFiles/Monitorek.dir/C_/Users/admin/.pico-sdk/sdk/2.1.1/src/common/pico_util/pheap.c.obj
LOAD CMakeFiles/Monitorek.dir/C_/Users/admin/.pico-sdk/sdk/2.1.1/src/common/pico_util/queue.c.obj
LOAD CMakeFiles/Monitorek.dir/C_/Users/admin/.pico-sdk/sdk/2.1.1/src/rp2_common/hardware_uart/uart.c.obj
LOAD CMakeFiles/Monitorek.dir/C_/Users/admin/.pico-sdk/sdk/2.1.1/src/rp2_common/hardware_clocks/clocks.c.obj
LOAD CMakeFiles/Monitorek.dir/C_/Users/admin/.pico-sdk/sdk/2.1.1/src/rp2_common/hardware_pll/pll.c.obj
LOAD CMakeFiles/Monitorek.dir/C_/Users/admin/.pico-sdk/sdk/2.1.1/src/rp2_common/hardware_vreg/vreg.c.obj
LOAD CMakeFiles/Monitorek.dir/C_/Users/admin/.pico-sdk/sdk/2.1.1/src/rp2_common/hardware_watchdog/watchdog.c.obj
LOAD CMakeFiles/Monitorek.dir/C_/Users/admin/.pico-sdk/sdk/2.1.1/src/rp2_common/hardware_ticks/ticks.c.obj
LOAD CMakeFiles/Monitorek.dir/C_/Users/admin/.pico-sdk/sdk/2.1.1/src/rp2_common/pico_bootrom/bootrom.c.obj
LOAD CMakeFiles/Monitorek.dir/C_/Users/admin/.pico-sdk/sdk/2.1.1/src/rp2_common/pico_bootrom/bootrom_lock.c.obj
LOAD CMakeFiles/Monitorek.dir/C_/Users/admin/.pico-sdk/sdk/2.1.1/src/rp2_common/hardware_boot_lock/boot_lock.c.obj
LOAD CMakeFiles/Monitorek.dir/C_/Users/admin/.pico-sdk/sdk/2.1.1/src/rp2_common/pico_flash/flash.c.obj
LOAD CMakeFiles/Monitorek.dir/C_/Users/admin/.pico-sdk/sdk/2.1.1/src/rp2_common/hardware_xosc/xosc.c.obj
LOAD CMakeFiles/Monitorek.dir/C_/Users/admin/.pico-sdk/sdk/2.1.1/src/rp2_common/hardware_divider/divider.c.obj
LOAD CMakeFiles/Monitorek.dir/C_/Users/admin/.pico-sdk/sdk/2.1.1/src/rp2_common/pico_runtime/runtime.c.obj
LOAD CMakeFiles/Monitorek.dir/C_/Users/admin/.pico-sdk/sdk/2.1.1/src/rp2_common/pico_runtime_init/runtime_init.c.obj
LOAD CMakeFiles/Monitorek.dir/C_/Users/admin/.pico-sdk/sdk/2.1.1/src/rp2_common/pico_runtime_init/runtime_init_clocks.c.obj
LOAD CMakeFiles/Monitorek.dir/C_/Users/admin/.pico-sdk/sdk/2.1.1/src/rp2_common/pico_runtime_init/runtime_init_stack_guard.c.obj
LOAD CMakeFiles/Monitorek.dir/C_/Users/admin/.pico-sdk/sdk/2.1.1/src/rp2_common/pico_bit_ops/bit_ops_aeabi.S.obj
LOAD CMakeFiles/Monitorek.dir/C_/Users/admin/.pico-sdk/sdk/2.1.1/src/rp2_common/pico_divider/divider_compiler.c.obj
LOAD CMakeFiles/Monitorek.dir/C_/Users/admin/.pico-sdk/sdk/2.1.1/src/rp2_common/pico_double/double_math.c.obj
LOAD CMakeFiles/Monitorek.dir/C_/Users/admin/.pico-sdk/sdk/2.1.1/src/rp2_common/pico_double/double_aeabi_dcp.S.obj
LOAD CMakeFiles/Monitorek.dir/C_/Users/admin/.pico-sdk/sdk/2.1.1/src/rp2_common/pico_double/double_fma_dcp.S.obj
LOAD CMakeFiles/Monitorek.dir/C_/Users/admin/.pico-sdk/sdk/2.1.1/src/rp2_common/pico_double/double_sci_m33.S.obj
LOAD CMakeFiles/Monitorek.dir/C_/Users/admin/.pico-sdk/sdk/2.1.1/src/rp2_common/pico_double/double_conv_m33.S.obj
LOAD CMakeFiles/Monitorek.dir/C_/Users/admin/.pico-sdk/sdk/2.1.1/src/rp2_common/pico_float/float_math.c.obj
LOAD CMakeFiles/Monitorek.dir/C_/Users/admin/.pico-sdk/sdk/2.1.1/src/rp2_common/pico_float/float_conv32_vfp.S.obj
LOAD CMakeFiles/Monitorek.dir/C_/Users/admin/.pico-sdk/sdk/2.1.1/src/rp2_common/pico_float/float_common_m33.S.obj
LOAD CMakeFiles/Monitorek.dir/C_/Users/admin/.pico-sdk/sdk/2.1.1/src/rp2_common/pico_float/float_sci_m33_vfp.S.obj
LOAD CMakeFiles/Monitorek.dir/C_/Users/admin/.pico-sdk/sdk/2.1.1/src/rp2_common/pico_malloc/malloc.c.obj
LOAD CMakeFiles/Monitorek.dir/C_/Users/admin/.pico-sdk/sdk/2.1.1/src/rp2_common/pico_atomic/atomic.c.obj
LOAD CMakeFiles/Monitorek.dir/C_/Users/admin/.pico-sdk/sdk/2.1.1/src/rp2_common/pico_cxx_options/new_delete.cpp.obj
LOAD CMakeFiles/Monitorek.dir/C_/Users/admin/.pico-sdk/sdk/2.1.1/src/rp2_common/pico_standard_binary_info/standard_binary_info.c.obj
LOAD CMakeFiles/Monitorek.dir/C_/Users/admin/.pico-sdk/sdk/2.1.1/src/rp2_common/pico_printf/printf.c.obj
LOAD CMakeFiles/Monitorek.dir/C_/Users/admin/.pico-sdk/sdk/2.1.1/src/rp2_common/pico_crt0/crt0.S.obj
LOAD CMakeFiles/Monitorek.dir/C_/Users/admin/.pico-sdk/sdk/2.1.1/src/rp2_common/pico_clib_interface/newlib_interface.c.obj
LOAD CMakeFiles/Monitorek.dir/C_/Users/admin/.pico-sdk/sdk/2.1.1/src/rp2_common/pico_stdio/stdio.c.obj
LOAD CMakeFiles/Monitorek.dir/C_/Users/admin/.pico-sdk/sdk/2.1.1/src/rp2_common/pico_stdio_usb/reset_interface.c.obj
LOAD CMakeFiles/Monitorek.dir/C_/Users/admin/.pico-sdk/sdk/2.1.1/src/rp2_common/pico_stdio_usb/stdio_usb.c.obj